[0.278s] Invoking command in '/home/ethan/RoboVigor/sentinel_ws/src/sentinel_decision': PYTHONPATH=/home/ethan/RoboVigor/sentinel_ws/build/sentinel_decision/prefix_override:/usr/lib/python3/dist-packages/colcon_core/task/python/colcon_distutils_commands:/home/ethan/RoboVigor/sentinel_ws/install/sentinel_decision/lib/python3.10/site-packages:${PYTHONPATH} /usr/bin/python3 -W ignore:setup.py install is deprecated -W ignore:easy_install command is deprecated setup.py egg_info --egg-base ../../build/sentinel_decision build --build-base /home/ethan/RoboVigor/sentinel_ws/build/sentinel_decision/build install --record /home/ethan/RoboVigor/sentinel_ws/build/sentinel_decision/install.log --install-scripts $base/lib/sentinel_decision --single-version-externally-managed install_data
[0.385s] running egg_info
[0.385s] writing ../../build/sentinel_decision/sentinel_decision.egg-info/PKG-INFO
[0.385s] writing dependency_links to ../../build/sentinel_decision/sentinel_decision.egg-info/dependency_links.txt
[0.385s] writing entry points to ../../build/sentinel_decision/sentinel_decision.egg-info/entry_points.txt
[0.385s] writing requirements to ../../build/sentinel_decision/sentinel_decision.egg-info/requires.txt
[0.385s] writing top-level names to ../../build/sentinel_decision/sentinel_decision.egg-info/top_level.txt
[0.386s] reading manifest file '../../build/sentinel_decision/sentinel_decision.egg-info/SOURCES.txt'
[0.387s] writing manifest file '../../build/sentinel_decision/sentinel_decision.egg-info/SOURCES.txt'
[0.387s] running build
[0.387s] running build_py
[0.387s] copying sentinel_decision/lesson16_laser_direction.py -> /home/ethan/RoboVigor/sentinel_ws/build/sentinel_decision/build/lib/sentinel_decision
[0.387s] running install
[0.387s] running install_lib
[0.388s] copying /home/ethan/RoboVigor/sentinel_ws/build/sentinel_decision/build/lib/sentinel_decision/lesson16_laser_direction.py -> /home/ethan/RoboVigor/sentinel_ws/install/sentinel_decision/lib/python3.10/site-packages/sentinel_decision
[0.388s] byte-compiling /home/ethan/RoboVigor/sentinel_ws/install/sentinel_decision/lib/python3.10/site-packages/sentinel_decision/lesson16_laser_direction.py to lesson16_laser_direction.cpython-310.pyc
[0.389s] running install_data
[0.389s] running install_egg_info
[0.390s] removing '/home/ethan/RoboVigor/sentinel_ws/install/sentinel_decision/lib/python3.10/site-packages/sentinel_decision-0.0.0-py3.10.egg-info' (and everything under it)
[0.390s] Copying ../../build/sentinel_decision/sentinel_decision.egg-info to /home/ethan/RoboVigor/sentinel_ws/install/sentinel_decision/lib/python3.10/site-packages/sentinel_decision-0.0.0-py3.10.egg-info
[0.390s] running install_scripts
[0.399s] Installing lesson01_decision script to /home/ethan/RoboVigor/sentinel_ws/install/sentinel_decision/lib/sentinel_decision
[0.399s] Installing lesson02_health_publisher script to /home/ethan/RoboVigor/sentinel_ws/install/sentinel_decision/lib/sentinel_decision
[0.399s] Installing lesson03_decision_subscriber script to /home/ethan/RoboVigor/sentinel_ws/install/sentinel_decision/lib/sentinel_decision
[0.399s] Installing lesson04_mission_decision script to /home/ethan/RoboVigor/sentinel_ws/install/sentinel_decision/lib/sentinel_decision
[0.399s] Installing lesson05_target_manager script to /home/ethan/RoboVigor/sentinel_ws/install/sentinel_decision/lib/sentinel_decision
[0.399s] Installing lesson06_decision_with_target script to /home/ethan/RoboVigor/sentinel_ws/install/sentinel_decision/lib/sentinel_decision
[0.399s] Installing lesson07_robot_state script to /home/ethan/RoboVigor/sentinel_ws/install/sentinel_decision/lib/sentinel_decision
[0.399s] Installing lesson08_match_timer script to /home/ethan/RoboVigor/sentinel_ws/install/sentinel_decision/lib/sentinel_decision
[0.399s] Installing lesson09_health_time_decision script to /home/ethan/RoboVigor/sentinel_ws/install/sentinel_decision/lib/sentinel_decision
[0.399s] Installing lesson10_remaining_time script to /home/ethan/RoboVigor/sentinel_ws/install/sentinel_decision/lib/sentinel_decision
[0.399s] Installing lesson11_robot_pose script to /home/ethan/RoboVigor/sentinel_ws/install/sentinel_decision/lib/sentinel_decision
[0.399s] Installing lesson12_tf2_demo script to /home/ethan/RoboVigor/sentinel_ws/install/sentinel_decision/lib/sentinel_decision
[0.399s] Installing lesson13_tf_tree script to /home/ethan/RoboVigor/sentinel_ws/install/sentinel_decision/lib/sentinel_decision
[0.399s] Installing lesson15_laserscan script to /home/ethan/RoboVigor/sentinel_ws/install/sentinel_decision/lib/sentinel_decision
[0.399s] Installing lesson16_laser_direction script to /home/ethan/RoboVigor/sentinel_ws/install/sentinel_decision/lib/sentinel_decision
[0.399s] writing list of installed files to '/home/ethan/RoboVigor/sentinel_ws/build/sentinel_decision/install.log'
[0.409s] Invoked command in '/home/ethan/RoboVigor/sentinel_ws/src/sentinel_decision' returned '0': PYTHONPATH=/home/ethan/RoboVigor/sentinel_ws/build/sentinel_decision/prefix_override:/usr/lib/python3/dist-packages/colcon_core/task/python/colcon_distutils_commands:/home/ethan/RoboVigor/sentinel_ws/install/sentinel_decision/lib/python3.10/site-packages:${PYTHONPATH} /usr/bin/python3 -W ignore:setup.py install is deprecated -W ignore:easy_install command is deprecated setup.py egg_info --egg-base ../../build/sentinel_decision build --build-base /home/ethan/RoboVigor/sentinel_ws/build/sentinel_decision/build install --record /home/ethan/RoboVigor/sentinel_ws/build/sentinel_decision/install.log --install-scripts $base/lib/sentinel_decision --single-version-externally-managed install_data
