[0.270s] DEBUG:colcon:Command line arguments: ['/usr/bin/colcon', 'build']
[0.270s] DEBUG:colcon:Parsed command line arguments: Namespace(log_base=None, log_level=None, verb_name='build', build_base='build', install_base='install', merge_install=False, symlink_install=False, test_result_base=None, continue_on_error=False, executor='parallel', parallel_workers=32, event_handlers=None, ignore_user_meta=False, metas=['./colcon.meta'], base_paths=['.'], packages_ignore=None, packages_ignore_regex=None, paths=None, packages_up_to=None, packages_up_to_regex=None, packages_above=None, packages_above_and_dependencies=None, packages_above_depth=None, packages_select_by_dep=None, packages_skip_by_dep=None, packages_skip_up_to=None, packages_select_build_failed=False, packages_skip_build_finished=False, packages_select_test_failures=False, packages_skip_test_passed=False, packages_select=None, packages_skip=None, packages_select_regex=None, packages_skip_regex=None, packages_start=None, packages_end=None, allow_overriding=[], cmake_args=None, cmake_target=None, cmake_target_skip_unavailable=False, cmake_clean_cache=False, cmake_clean_first=False, cmake_force_configure=False, ament_cmake_args=None, catkin_cmake_args=None, catkin_skip_building_tests=False, verb_parser=<colcon_defaults.argument_parser.defaults.DefaultArgumentsDecorator object at 0x7a0c9f56da80>, verb_extension=<colcon_core.verb.build.BuildVerb object at 0x7a0c9f56d540>, main=<bound method BuildVerb.main of <colcon_core.verb.build.BuildVerb object at 0x7a0c9f56d540>>)
[0.711s] Level 1:colcon.colcon_core.package_discovery:discover_packages(colcon_meta) check parameters
[0.712s] Level 1:colcon.colcon_core.package_discovery:discover_packages(recursive) check parameters
[0.712s] Level 1:colcon.colcon_core.package_discovery:discover_packages(ignore) check parameters
[0.712s] Level 1:colcon.colcon_core.package_discovery:discover_packages(path) check parameters
[0.712s] Level 1:colcon.colcon_core.package_discovery:discover_packages(colcon_meta) discover
[0.712s] Level 1:colcon.colcon_core.package_discovery:discover_packages(recursive) discover
[0.712s] INFO:colcon.colcon_core.package_discovery:Crawling recursively for packages in '/home/ethan/RoboVigor/sentinel_ws'
[0.712s] Level 1:colcon.colcon_core.package_identification:_identify(.) by extensions ['ignore', 'ignore_ament_install']
[0.713s] Level 1:colcon.colcon_core.package_identification:_identify(.) by extension 'ignore'
[0.713s] Level 1:colcon.colcon_core.package_identification:_identify(.) by extension 'ignore_ament_install'
[0.713s] Level 1:colcon.colcon_core.package_identification:_identify(.) by extensions ['colcon_pkg']
[0.713s] Level 1:colcon.colcon_core.package_identification:_identify(.) by extension 'colcon_pkg'
[0.713s] Level 1:colcon.colcon_core.package_identification:_identify(.) by extensions ['colcon_meta']
[0.713s] Level 1:colcon.colcon_core.package_identification:_identify(.) by extension 'colcon_meta'
[0.713s] Level 1:colcon.colcon_core.package_identification:_identify(.) by extensions ['ros']
[0.713s] Level 1:colcon.colcon_core.package_identification:_identify(.) by extension 'ros'
[0.743s] Level 1:colcon.colcon_core.package_identification:_identify(.) by extensions ['cmake', 'python']
[0.743s] Level 1:colcon.colcon_core.package_identification:_identify(.) by extension 'cmake'
[0.743s] Level 1:colcon.colcon_core.package_identification:_identify(.) by extension 'python'
[0.743s] Level 1:colcon.colcon_core.package_identification:_identify(.) by extensions ['python_setup_py']
[0.743s] Level 1:colcon.colcon_core.package_identification:_identify(.) by extension 'python_setup_py'
[0.744s] Level 1:colcon.colcon_core.package_identification:_identify(build) by extensions ['ignore', 'ignore_ament_install']
[0.744s] Level 1:colcon.colcon_core.package_identification:_identify(build) by extension 'ignore'
[0.744s] Level 1:colcon.colcon_core.package_identification:_identify(build) ignored
[0.744s] Level 1:colcon.colcon_core.package_identification:_identify(install) by extensions ['ignore', 'ignore_ament_install']
[0.744s] Level 1:colcon.colcon_core.package_identification:_identify(install) by extension 'ignore'
[0.745s] Level 1:colcon.colcon_core.package_identification:_identify(install) ignored
[0.745s] Level 1:colcon.colcon_core.package_identification:_identify(log) by extensions ['ignore', 'ignore_ament_install']
[0.745s] Level 1:colcon.colcon_core.package_identification:_identify(log) by extension 'ignore'
[0.745s] Level 1:colcon.colcon_core.package_identification:_identify(log) ignored
[0.745s] Level 1:colcon.colcon_core.package_identification:_identify(src) by extensions ['ignore', 'ignore_ament_install']
[0.745s] Level 1:colcon.colcon_core.package_identification:_identify(src) by extension 'ignore'
[0.745s] Level 1:colcon.colcon_core.package_identification:_identify(src) by extension 'ignore_ament_install'
[0.746s] Level 1:colcon.colcon_core.package_identification:_identify(src) by extensions ['colcon_pkg']
[0.746s] Level 1:colcon.colcon_core.package_identification:_identify(src) by extension 'colcon_pkg'
[0.746s] Level 1:colcon.colcon_core.package_identification:_identify(src) by extensions ['colcon_meta']
[0.746s] Level 1:colcon.colcon_core.package_identification:_identify(src) by extension 'colcon_meta'
[0.746s] Level 1:colcon.colcon_core.package_identification:_identify(src) by extensions ['ros']
[0.746s] Level 1:colcon.colcon_core.package_identification:_identify(src) by extension 'ros'
[0.746s] Level 1:colcon.colcon_core.package_identification:_identify(src) by extensions ['cmake', 'python']
[0.746s] Level 1:colcon.colcon_core.package_identification:_identify(src) by extension 'cmake'
[0.746s] Level 1:colcon.colcon_core.package_identification:_identify(src) by extension 'python'
[0.746s] Level 1:colcon.colcon_core.package_identification:_identify(src) by extensions ['python_setup_py']
[0.746s] Level 1:colcon.colcon_core.package_identification:_identify(src) by extension 'python_setup_py'
[0.747s] Level 1:colcon.colcon_core.package_identification:_identify(src/sentinel_decision) by extensions ['ignore', 'ignore_ament_install']
[0.747s] Level 1:colcon.colcon_core.package_identification:_identify(src/sentinel_decision) by extension 'ignore'
[0.747s] Level 1:colcon.colcon_core.package_identification:_identify(src/sentinel_decision) by extension 'ignore_ament_install'
[0.747s] Level 1:colcon.colcon_core.package_identification:_identify(src/sentinel_decision) by extensions ['colcon_pkg']
[0.747s] Level 1:colcon.colcon_core.package_identification:_identify(src/sentinel_decision) by extension 'colcon_pkg'
[0.747s] Level 1:colcon.colcon_core.package_identification:_identify(src/sentinel_decision) by extensions ['colcon_meta']
[0.747s] Level 1:colcon.colcon_core.package_identification:_identify(src/sentinel_decision) by extension 'colcon_meta'
[0.747s] Level 1:colcon.colcon_core.package_identification:_identify(src/sentinel_decision) by extensions ['ros']
[0.747s] Level 1:colcon.colcon_core.package_identification:_identify(src/sentinel_decision) by extension 'ros'
[0.754s] DEBUG:colcon.colcon_core.package_identification:Package 'src/sentinel_decision' with type 'ros.ament_python' and name 'sentinel_decision'
[0.754s] Level 1:colcon.colcon_core.package_discovery:discover_packages(recursive) using defaults
[0.754s] Level 1:colcon.colcon_core.package_discovery:discover_packages(ignore) discover
[0.754s] Level 1:colcon.colcon_core.package_discovery:discover_packages(ignore) using defaults
[0.755s] Level 1:colcon.colcon_core.package_discovery:discover_packages(path) discover
[0.755s] Level 1:colcon.colcon_core.package_discovery:discover_packages(path) using defaults
[0.835s] Level 1:colcon.colcon_core.package_discovery:discover_packages(prefix_path) check parameters
[0.835s] Level 1:colcon.colcon_core.package_discovery:discover_packages(prefix_path) discover
[0.842s] DEBUG:colcon.colcon_installed_package_information.package_discovery:Found 441 installed packages in /opt/ros/humble
[0.848s] Level 1:colcon.colcon_core.package_discovery:discover_packages(prefix_path) using defaults
[0.983s] Level 5:colcon.colcon_core.verb:set package 'sentinel_decision' build argument 'cmake_args' from command line to 'None'
[0.983s] Level 5:colcon.colcon_core.verb:set package 'sentinel_decision' build argument 'cmake_target' from command line to 'None'
[0.983s] Level 5:colcon.colcon_core.verb:set package 'sentinel_decision' build argument 'cmake_target_skip_unavailable' from command line to 'False'
[0.983s] Level 5:colcon.colcon_core.verb:set package 'sentinel_decision' build argument 'cmake_clean_cache' from command line to 'False'
[0.983s] Level 5:colcon.colcon_core.verb:set package 'sentinel_decision' build argument 'cmake_clean_first' from command line to 'False'
[0.983s] Level 5:colcon.colcon_core.verb:set package 'sentinel_decision' build argument 'cmake_force_configure' from command line to 'False'
[0.983s] Level 5:colcon.colcon_core.verb:set package 'sentinel_decision' build argument 'ament_cmake_args' from command line to 'None'
[0.983s] Level 5:colcon.colcon_core.verb:set package 'sentinel_decision' build argument 'catkin_cmake_args' from command line to 'None'
[0.983s] Level 5:colcon.colcon_core.verb:set package 'sentinel_decision' build argument 'catkin_skip_building_tests' from command line to 'False'
[0.983s] DEBUG:colcon.colcon_core.verb:Building package 'sentinel_decision' with the following arguments: {'ament_cmake_args': None, 'build_base': '/home/ethan/RoboVigor/sentinel_ws/build/sentinel_decision', 'catkin_cmake_args': None, 'catkin_skip_building_tests': False, 'cmake_args': None, 'cmake_clean_cache': False, 'cmake_clean_first': False, 'cmake_force_configure': False, 'cmake_target': None, 'cmake_target_skip_unavailable': False, 'install_base': '/home/ethan/RoboVigor/sentinel_ws/install/sentinel_decision', 'merge_install': False, 'path': '/home/ethan/RoboVigor/sentinel_ws/src/sentinel_decision', 'symlink_install': False, 'test_result_base': None}
[0.984s] INFO:colcon.colcon_core.executor:Executing jobs using 'parallel' executor
[0.987s] DEBUG:colcon.colcon_parallel_executor.executor.parallel:run_until_complete
[0.988s] INFO:colcon.colcon_ros.task.ament_python.build:Building ROS package in '/home/ethan/RoboVigor/sentinel_ws/src/sentinel_decision' with build type 'ament_python'
[0.989s] Level 1:colcon.colcon_core.shell:create_environment_hook('sentinel_decision', 'ament_prefix_path')
[0.993s] INFO:colcon.colcon_core.plugin_system:Skipping extension 'colcon_core.shell.bat': Not used on non-Windows systems
[0.994s] INFO:colcon.colcon_core.shell:Creating environment hook '/home/ethan/RoboVigor/sentinel_ws/install/sentinel_decision/share/sentinel_decision/hook/ament_prefix_path.ps1'
[0.995s] INFO:colcon.colcon_core.shell:Creating environment descriptor '/home/ethan/RoboVigor/sentinel_ws/install/sentinel_decision/share/sentinel_decision/hook/ament_prefix_path.dsv'
[0.996s] INFO:colcon.colcon_core.shell:Creating environment hook '/home/ethan/RoboVigor/sentinel_ws/install/sentinel_decision/share/sentinel_decision/hook/ament_prefix_path.sh'
[0.998s] INFO:colcon.colcon_core.shell:Skip shell extension 'powershell' for command environment: Not usable outside of PowerShell
[0.998s] DEBUG:colcon.colcon_core.shell:Skip shell extension 'dsv' for command environment
[1.688s] INFO:colcon.colcon_core.task.python.build:Building Python package in '/home/ethan/RoboVigor/sentinel_ws/src/sentinel_decision'
[1.689s] INFO:colcon.colcon_core.shell:Skip shell extension 'powershell' for command environment: Not usable outside of PowerShell
[1.689s] DEBUG:colcon.colcon_core.shell:Skip shell extension 'dsv' for command environment
[2.632s] DEBUG:colcon.colcon_core.task.python.build:Available setuptools commands: dist_info, alias, install_headers, easy_install, build, bdist_dumb, bdist_rpm, build_scripts, install, bdist_wheel, rotate, build_py, install_scripts, install_egg_info, test, build_ext, upload_docs, clean, install_data, egg_info, upload, check, bdist_egg, bdist, symlink_data, develop, saveopts, init_catalog, setopt, install_lib, register, sdist, extract_messages, build_clib, compile_catalog, update_catalog
[2.637s] DEBUG:colcon.colcon_core.event_handler.log_command:Invoking command in '/home/ethan/RoboVigor/sentinel_ws/src/sentinel_decision': PYTHONPATH=/home/ethan/RoboVigor/sentinel_ws/build/sentinel_decision/prefix_override:/usr/lib/python3/dist-packages/colcon_core/task/python/colcon_distutils_commands:/home/ethan/RoboVigor/sentinel_ws/install/sentinel_decision/lib/python3.10/site-packages:${PYTHONPATH} /usr/bin/python3 -W ignore:setup.py install is deprecated -W ignore:easy_install command is deprecated setup.py egg_info --egg-base ../../build/sentinel_decision build --build-base /home/ethan/RoboVigor/sentinel_ws/build/sentinel_decision/build install --record /home/ethan/RoboVigor/sentinel_ws/build/sentinel_decision/install.log --install-scripts $base/lib/sentinel_decision --single-version-externally-managed install_data
[3.427s] DEBUG:colcon.colcon_core.event_handler.log_command:Invoked command in '/home/ethan/RoboVigor/sentinel_ws/src/sentinel_decision' returned '0': PYTHONPATH=/home/ethan/RoboVigor/sentinel_ws/build/sentinel_decision/prefix_override:/usr/lib/python3/dist-packages/colcon_core/task/python/colcon_distutils_commands:/home/ethan/RoboVigor/sentinel_ws/install/sentinel_decision/lib/python3.10/site-packages:${PYTHONPATH} /usr/bin/python3 -W ignore:setup.py install is deprecated -W ignore:easy_install command is deprecated setup.py egg_info --egg-base ../../build/sentinel_decision build --build-base /home/ethan/RoboVigor/sentinel_ws/build/sentinel_decision/build install --record /home/ethan/RoboVigor/sentinel_ws/build/sentinel_decision/install.log --install-scripts $base/lib/sentinel_decision --single-version-externally-managed install_data
[3.435s] Level 1:colcon.colcon_core.environment:checking '/home/ethan/RoboVigor/sentinel_ws/install/sentinel_decision' for CMake module files
[3.436s] Level 1:colcon.colcon_core.environment:checking '/home/ethan/RoboVigor/sentinel_ws/install/sentinel_decision' for CMake config files
[3.437s] Level 1:colcon.colcon_core.environment:checking '/home/ethan/RoboVigor/sentinel_ws/install/sentinel_decision/lib'
[3.438s] Level 1:colcon.colcon_core.environment:checking '/home/ethan/RoboVigor/sentinel_ws/install/sentinel_decision/bin'
[3.438s] Level 1:colcon.colcon_core.environment:checking '/home/ethan/RoboVigor/sentinel_ws/install/sentinel_decision/lib/pkgconfig/sentinel_decision.pc'
[3.439s] Level 1:colcon.colcon_core.environment:checking '/home/ethan/RoboVigor/sentinel_ws/install/sentinel_decision/lib/python3.10/site-packages'
[3.439s] Level 1:colcon.colcon_core.shell:create_environment_hook('sentinel_decision', 'pythonpath')
[3.439s] INFO:colcon.colcon_core.shell:Creating environment hook '/home/ethan/RoboVigor/sentinel_ws/install/sentinel_decision/share/sentinel_decision/hook/pythonpath.ps1'
[3.441s] INFO:colcon.colcon_core.shell:Creating environment descriptor '/home/ethan/RoboVigor/sentinel_ws/install/sentinel_decision/share/sentinel_decision/hook/pythonpath.dsv'
[3.441s] INFO:colcon.colcon_core.shell:Creating environment hook '/home/ethan/RoboVigor/sentinel_ws/install/sentinel_decision/share/sentinel_decision/hook/pythonpath.sh'
[3.443s] Level 1:colcon.colcon_core.environment:checking '/home/ethan/RoboVigor/sentinel_ws/install/sentinel_decision/bin'
[3.443s] Level 1:colcon.colcon_core.environment:create_environment_scripts_only(sentinel_decision)
[3.444s] INFO:colcon.colcon_core.shell:Creating package script '/home/ethan/RoboVigor/sentinel_ws/install/sentinel_decision/share/sentinel_decision/package.ps1'
[3.447s] INFO:colcon.colcon_core.shell:Creating package descriptor '/home/ethan/RoboVigor/sentinel_ws/install/sentinel_decision/share/sentinel_decision/package.dsv'
[3.448s] INFO:colcon.colcon_core.shell:Creating package script '/home/ethan/RoboVigor/sentinel_ws/install/sentinel_decision/share/sentinel_decision/package.sh'
[3.450s] INFO:colcon.colcon_core.shell:Creating package script '/home/ethan/RoboVigor/sentinel_ws/install/sentinel_decision/share/sentinel_decision/package.bash'
[3.451s] INFO:colcon.colcon_core.shell:Creating package script '/home/ethan/RoboVigor/sentinel_ws/install/sentinel_decision/share/sentinel_decision/package.zsh'
[3.453s] Level 1:colcon.colcon_core.environment:create_file_with_runtime_dependencies(/home/ethan/RoboVigor/sentinel_ws/install/sentinel_decision/share/colcon-core/packages/sentinel_decision)
[3.454s] DEBUG:colcon.colcon_parallel_executor.executor.parallel:closing loop
[3.455s] DEBUG:colcon.colcon_parallel_executor.executor.parallel:loop closed
[3.455s] DEBUG:colcon.colcon_parallel_executor.executor.parallel:run_until_complete finished with '0'
[3.455s] DEBUG:colcon.colcon_core.event_reactor:joining thread
[3.469s] INFO:colcon.colcon_core.plugin_system:Skipping extension 'colcon_notification.desktop_notification.terminal_notifier': Not used on non-Darwin systems
[3.469s] INFO:colcon.colcon_core.plugin_system:Skipping extension 'colcon_notification.desktop_notification.win32': Not used on non-Windows systems
[3.470s] INFO:colcon.colcon_notification.desktop_notification:Sending desktop notification using 'notify2'
[3.501s] DEBUG:colcon.colcon_core.event_reactor:joined thread
[3.502s] INFO:colcon.colcon_core.shell:Creating prefix script '/home/ethan/RoboVigor/sentinel_ws/install/local_setup.ps1'
[3.505s] INFO:colcon.colcon_core.shell:Creating prefix util module '/home/ethan/RoboVigor/sentinel_ws/install/_local_setup_util_ps1.py'
[3.508s] INFO:colcon.colcon_core.shell:Creating prefix chain script '/home/ethan/RoboVigor/sentinel_ws/install/setup.ps1'
[3.511s] INFO:colcon.colcon_core.shell:Creating prefix script '/home/ethan/RoboVigor/sentinel_ws/install/local_setup.sh'
[3.512s] INFO:colcon.colcon_core.shell:Creating prefix util module '/home/ethan/RoboVigor/sentinel_ws/install/_local_setup_util_sh.py'
[3.514s] INFO:colcon.colcon_core.shell:Creating prefix chain script '/home/ethan/RoboVigor/sentinel_ws/install/setup.sh'
[3.516s] INFO:colcon.colcon_core.shell:Creating prefix script '/home/ethan/RoboVigor/sentinel_ws/install/local_setup.bash'
[3.517s] INFO:colcon.colcon_core.shell:Creating prefix chain script '/home/ethan/RoboVigor/sentinel_ws/install/setup.bash'
[3.519s] INFO:colcon.colcon_core.shell:Creating prefix script '/home/ethan/RoboVigor/sentinel_ws/install/local_setup.zsh'
[3.521s] INFO:colcon.colcon_core.shell:Creating prefix chain script '/home/ethan/RoboVigor/sentinel_ws/install/setup.zsh'
