[0.255s] Invoking command in '/home/ethan/桌面/RoboVigor/sentinel_ws/src/sentinel_decision': PYTHONPATH=/home/ethan/桌面/RoboVigor/sentinel_ws/build/sentinel_decision/prefix_override:/usr/lib/python3/dist-packages/colcon_core/task/python/colcon_distutils_commands:/home/ethan/桌面/RoboVigor/sentinel_ws/install/sentinel_decision/lib/python3.10/site-packages:${PYTHONPATH} /usr/bin/python3 -W ignore:setup.py install is deprecated -W ignore:easy_install command is deprecated setup.py egg_info --egg-base ../../build/sentinel_decision build --build-base /home/ethan/桌面/RoboVigor/sentinel_ws/build/sentinel_decision/build install --record /home/ethan/桌面/RoboVigor/sentinel_ws/build/sentinel_decision/install.log --install-scripts $base/lib/sentinel_decision --single-version-externally-managed install_data
[0.349s] running egg_info
[0.349s] creating ../../build/sentinel_decision/sentinel_decision.egg-info
[0.349s] writing ../../build/sentinel_decision/sentinel_decision.egg-info/PKG-INFO
[0.350s] writing dependency_links to ../../build/sentinel_decision/sentinel_decision.egg-info/dependency_links.txt
[0.350s] writing entry points to ../../build/sentinel_decision/sentinel_decision.egg-info/entry_points.txt
[0.350s] writing requirements to ../../build/sentinel_decision/sentinel_decision.egg-info/requires.txt
[0.350s] writing top-level names to ../../build/sentinel_decision/sentinel_decision.egg-info/top_level.txt
[0.350s] writing manifest file '../../build/sentinel_decision/sentinel_decision.egg-info/SOURCES.txt'
[0.350s] reading manifest file '../../build/sentinel_decision/sentinel_decision.egg-info/SOURCES.txt'
[0.351s] writing manifest file '../../build/sentinel_decision/sentinel_decision.egg-info/SOURCES.txt'
[0.351s] running build
[0.351s] running build_py
[0.351s] creating /home/ethan/桌面/RoboVigor/sentinel_ws/build/sentinel_decision/build
[0.351s] creating /home/ethan/桌面/RoboVigor/sentinel_ws/build/sentinel_decision/build/lib
[0.351s] creating /home/ethan/桌面/RoboVigor/sentinel_ws/build/sentinel_decision/build/lib/sentinel_decision
[0.351s] copying sentinel_decision/lesson09_health_time_decision.py -> /home/ethan/桌面/RoboVigor/sentinel_ws/build/sentinel_decision/build/lib/sentinel_decision
[0.351s] copying sentinel_decision/lesson10_remaining_time.py -> /home/ethan/桌面/RoboVigor/sentinel_ws/build/sentinel_decision/build/lib/sentinel_decision
[0.351s] copying sentinel_decision/lesson17_scan_zone.py -> /home/ethan/桌面/RoboVigor/sentinel_ws/build/sentinel_decision/build/lib/sentinel_decision
[0.351s] copying sentinel_decision/lesson11_robot_pose.py -> /home/ethan/桌面/RoboVigor/sentinel_ws/build/sentinel_decision/build/lib/sentinel_decision
[0.351s] copying sentinel_decision/lesson27_odom_publisher.py -> /home/ethan/桌面/RoboVigor/sentinel_ws/build/sentinel_decision/build/lib/sentinel_decision
[0.351s] copying sentinel_decision/lesson18_obstacle_safety.py -> /home/ethan/桌面/RoboVigor/sentinel_ws/build/sentinel_decision/build/lib/sentinel_decision
[0.351s] copying sentinel_decision/lesson03_decision_subscriber.py -> /home/ethan/桌面/RoboVigor/sentinel_ws/build/sentinel_decision/build/lib/sentinel_decision
[0.352s] copying sentinel_decision/lesson20_decision_publisher.py -> /home/ethan/桌面/RoboVigor/sentinel_ws/build/sentinel_decision/build/lib/sentinel_decision
[0.352s] copying sentinel_decision/lesson07_robot_state.py -> /home/ethan/桌面/RoboVigor/sentinel_ws/build/sentinel_decision/build/lib/sentinel_decision
[0.352s] copying sentinel_decision/lesson05_target_manager.py -> /home/ethan/桌面/RoboVigor/sentinel_ws/build/sentinel_decision/build/lib/sentinel_decision
[0.352s] copying sentinel_decision/lesson06_decision_with_target.py -> /home/ethan/桌面/RoboVigor/sentinel_ws/build/sentinel_decision/build/lib/sentinel_decision
[0.352s] copying sentinel_decision/lesson02_health_publisher.py -> /home/ethan/桌面/RoboVigor/sentinel_ws/build/sentinel_decision/build/lib/sentinel_decision
[0.352s] copying sentinel_decision/lesson22_cmd_vel_publisher.py -> /home/ethan/桌面/RoboVigor/sentinel_ws/build/sentinel_decision/build/lib/sentinel_decision
[0.352s] copying sentinel_decision/lesson29_mecanum_sim.py -> /home/ethan/桌面/RoboVigor/sentinel_ws/build/sentinel_decision/build/lib/sentinel_decision
[0.352s] copying sentinel_decision/lesson12_tf2_demo.py -> /home/ethan/桌面/RoboVigor/sentinel_ws/build/sentinel_decision/build/lib/sentinel_decision
[0.352s] copying sentinel_decision/lesson19_obstacle_decision.py -> /home/ethan/桌面/RoboVigor/sentinel_ws/build/sentinel_decision/build/lib/sentinel_decision
[0.352s] copying sentinel_decision/lesson13_tf_tree.py -> /home/ethan/桌面/RoboVigor/sentinel_ws/build/sentinel_decision/build/lib/sentinel_decision
[0.352s] copying sentinel_decision/lesson16_scan_reader.py -> /home/ethan/桌面/RoboVigor/sentinel_ws/build/sentinel_decision/build/lib/sentinel_decision
[0.352s] copying sentinel_decision/lesson28_cmd_vel_monitor.py -> /home/ethan/桌面/RoboVigor/sentinel_ws/build/sentinel_decision/build/lib/sentinel_decision
[0.352s] copying sentinel_decision/lesson15_scan_publisher.py -> /home/ethan/桌面/RoboVigor/sentinel_ws/build/sentinel_decision/build/lib/sentinel_decision
[0.352s] copying sentinel_decision/lesson01_decision.py -> /home/ethan/桌面/RoboVigor/sentinel_ws/build/sentinel_decision/build/lib/sentinel_decision
[0.352s] copying sentinel_decision/lesson08_match_timer.py -> /home/ethan/桌面/RoboVigor/sentinel_ws/build/sentinel_decision/build/lib/sentinel_decision
[0.352s] copying sentinel_decision/lesson30_mecanum_sim.py -> /home/ethan/桌面/RoboVigor/sentinel_ws/build/sentinel_decision/build/lib/sentinel_decision
[0.352s] copying sentinel_decision/lesson21_control_node.py -> /home/ethan/桌面/RoboVigor/sentinel_ws/build/sentinel_decision/build/lib/sentinel_decision
[0.353s] copying sentinel_decision/lesson04_mission_decision.py -> /home/ethan/桌面/RoboVigor/sentinel_ws/build/sentinel_decision/build/lib/sentinel_decision
[0.353s] copying sentinel_decision/__init__.py -> /home/ethan/桌面/RoboVigor/sentinel_ws/build/sentinel_decision/build/lib/sentinel_decision
[0.353s] running install
[0.353s] running install_lib
[0.353s] creating /home/ethan/桌面/RoboVigor/sentinel_ws/install/sentinel_decision/lib/python3.10/site-packages/sentinel_decision
[0.353s] copying /home/ethan/桌面/RoboVigor/sentinel_ws/build/sentinel_decision/build/lib/sentinel_decision/lesson09_health_time_decision.py -> /home/ethan/桌面/RoboVigor/sentinel_ws/install/sentinel_decision/lib/python3.10/site-packages/sentinel_decision
[0.353s] copying /home/ethan/桌面/RoboVigor/sentinel_ws/build/sentinel_decision/build/lib/sentinel_decision/lesson10_remaining_time.py -> /home/ethan/桌面/RoboVigor/sentinel_ws/install/sentinel_decision/lib/python3.10/site-packages/sentinel_decision
[0.353s] copying /home/ethan/桌面/RoboVigor/sentinel_ws/build/sentinel_decision/build/lib/sentinel_decision/lesson17_scan_zone.py -> /home/ethan/桌面/RoboVigor/sentinel_ws/install/sentinel_decision/lib/python3.10/site-packages/sentinel_decision
[0.353s] copying /home/ethan/桌面/RoboVigor/sentinel_ws/build/sentinel_decision/build/lib/sentinel_decision/lesson11_robot_pose.py -> /home/ethan/桌面/RoboVigor/sentinel_ws/install/sentinel_decision/lib/python3.10/site-packages/sentinel_decision
[0.353s] copying /home/ethan/桌面/RoboVigor/sentinel_ws/build/sentinel_decision/build/lib/sentinel_decision/lesson27_odom_publisher.py -> /home/ethan/桌面/RoboVigor/sentinel_ws/install/sentinel_decision/lib/python3.10/site-packages/sentinel_decision
[0.353s] copying /home/ethan/桌面/RoboVigor/sentinel_ws/build/sentinel_decision/build/lib/sentinel_decision/lesson18_obstacle_safety.py -> /home/ethan/桌面/RoboVigor/sentinel_ws/install/sentinel_decision/lib/python3.10/site-packages/sentinel_decision
[0.353s] copying /home/ethan/桌面/RoboVigor/sentinel_ws/build/sentinel_decision/build/lib/sentinel_decision/lesson03_decision_subscriber.py -> /home/ethan/桌面/RoboVigor/sentinel_ws/install/sentinel_decision/lib/python3.10/site-packages/sentinel_decision
[0.353s] copying /home/ethan/桌面/RoboVigor/sentinel_ws/build/sentinel_decision/build/lib/sentinel_decision/lesson20_decision_publisher.py -> /home/ethan/桌面/RoboVigor/sentinel_ws/install/sentinel_decision/lib/python3.10/site-packages/sentinel_decision
[0.353s] copying /home/ethan/桌面/RoboVigor/sentinel_ws/build/sentinel_decision/build/lib/sentinel_decision/lesson07_robot_state.py -> /home/ethan/桌面/RoboVigor/sentinel_ws/install/sentinel_decision/lib/python3.10/site-packages/sentinel_decision
[0.353s] copying /home/ethan/桌面/RoboVigor/sentinel_ws/build/sentinel_decision/build/lib/sentinel_decision/lesson05_target_manager.py -> /home/ethan/桌面/RoboVigor/sentinel_ws/install/sentinel_decision/lib/python3.10/site-packages/sentinel_decision
[0.353s] copying /home/ethan/桌面/RoboVigor/sentinel_ws/build/sentinel_decision/build/lib/sentinel_decision/lesson06_decision_with_target.py -> /home/ethan/桌面/RoboVigor/sentinel_ws/install/sentinel_decision/lib/python3.10/site-packages/sentinel_decision
[0.353s] copying /home/ethan/桌面/RoboVigor/sentinel_ws/build/sentinel_decision/build/lib/sentinel_decision/lesson02_health_publisher.py -> /home/ethan/桌面/RoboVigor/sentinel_ws/install/sentinel_decision/lib/python3.10/site-packages/sentinel_decision
[0.353s] copying /home/ethan/桌面/RoboVigor/sentinel_ws/build/sentinel_decision/build/lib/sentinel_decision/lesson22_cmd_vel_publisher.py -> /home/ethan/桌面/RoboVigor/sentinel_ws/install/sentinel_decision/lib/python3.10/site-packages/sentinel_decision
[0.353s] copying /home/ethan/桌面/RoboVigor/sentinel_ws/build/sentinel_decision/build/lib/sentinel_decision/lesson29_mecanum_sim.py -> /home/ethan/桌面/RoboVigor/sentinel_ws/install/sentinel_decision/lib/python3.10/site-packages/sentinel_decision
[0.354s] copying /home/ethan/桌面/RoboVigor/sentinel_ws/build/sentinel_decision/build/lib/sentinel_decision/lesson12_tf2_demo.py -> /home/ethan/桌面/RoboVigor/sentinel_ws/install/sentinel_decision/lib/python3.10/site-packages/sentinel_decision
[0.354s] copying /home/ethan/桌面/RoboVigor/sentinel_ws/build/sentinel_decision/build/lib/sentinel_decision/lesson19_obstacle_decision.py -> /home/ethan/桌面/RoboVigor/sentinel_ws/install/sentinel_decision/lib/python3.10/site-packages/sentinel_decision
[0.354s] copying /home/ethan/桌面/RoboVigor/sentinel_ws/build/sentinel_decision/build/lib/sentinel_decision/lesson13_tf_tree.py -> /home/ethan/桌面/RoboVigor/sentinel_ws/install/sentinel_decision/lib/python3.10/site-packages/sentinel_decision
[0.354s] copying /home/ethan/桌面/RoboVigor/sentinel_ws/build/sentinel_decision/build/lib/sentinel_decision/lesson16_scan_reader.py -> /home/ethan/桌面/RoboVigor/sentinel_ws/install/sentinel_decision/lib/python3.10/site-packages/sentinel_decision
[0.354s] copying /home/ethan/桌面/RoboVigor/sentinel_ws/build/sentinel_decision/build/lib/sentinel_decision/lesson28_cmd_vel_monitor.py -> /home/ethan/桌面/RoboVigor/sentinel_ws/install/sentinel_decision/lib/python3.10/site-packages/sentinel_decision
[0.354s] copying /home/ethan/桌面/RoboVigor/sentinel_ws/build/sentinel_decision/build/lib/sentinel_decision/lesson15_scan_publisher.py -> /home/ethan/桌面/RoboVigor/sentinel_ws/install/sentinel_decision/lib/python3.10/site-packages/sentinel_decision
[0.354s] copying /home/ethan/桌面/RoboVigor/sentinel_ws/build/sentinel_decision/build/lib/sentinel_decision/lesson01_decision.py -> /home/ethan/桌面/RoboVigor/sentinel_ws/install/sentinel_decision/lib/python3.10/site-packages/sentinel_decision
[0.354s] copying /home/ethan/桌面/RoboVigor/sentinel_ws/build/sentinel_decision/build/lib/sentinel_decision/lesson08_match_timer.py -> /home/ethan/桌面/RoboVigor/sentinel_ws/install/sentinel_decision/lib/python3.10/site-packages/sentinel_decision
[0.354s] copying /home/ethan/桌面/RoboVigor/sentinel_ws/build/sentinel_decision/build/lib/sentinel_decision/lesson30_mecanum_sim.py -> /home/ethan/桌面/RoboVigor/sentinel_ws/install/sentinel_decision/lib/python3.10/site-packages/sentinel_decision
[0.354s] copying /home/ethan/桌面/RoboVigor/sentinel_ws/build/sentinel_decision/build/lib/sentinel_decision/lesson21_control_node.py -> /home/ethan/桌面/RoboVigor/sentinel_ws/install/sentinel_decision/lib/python3.10/site-packages/sentinel_decision
[0.354s] copying /home/ethan/桌面/RoboVigor/sentinel_ws/build/sentinel_decision/build/lib/sentinel_decision/lesson04_mission_decision.py -> /home/ethan/桌面/RoboVigor/sentinel_ws/install/sentinel_decision/lib/python3.10/site-packages/sentinel_decision
[0.354s] copying /home/ethan/桌面/RoboVigor/sentinel_ws/build/sentinel_decision/build/lib/sentinel_decision/__init__.py -> /home/ethan/桌面/RoboVigor/sentinel_ws/install/sentinel_decision/lib/python3.10/site-packages/sentinel_decision
[0.354s] byte-compiling /home/ethan/桌面/RoboVigor/sentinel_ws/install/sentinel_decision/lib/python3.10/site-packages/sentinel_decision/lesson09_health_time_decision.py to lesson09_health_time_decision.cpython-310.pyc
[0.354s] byte-compiling /home/ethan/桌面/RoboVigor/sentinel_ws/install/sentinel_decision/lib/python3.10/site-packages/sentinel_decision/lesson10_remaining_time.py to lesson10_remaining_time.cpython-310.pyc
[0.354s] byte-compiling /home/ethan/桌面/RoboVigor/sentinel_ws/install/sentinel_decision/lib/python3.10/site-packages/sentinel_decision/lesson17_scan_zone.py to lesson17_scan_zone.cpython-310.pyc
[0.354s] byte-compiling /home/ethan/桌面/RoboVigor/sentinel_ws/install/sentinel_decision/lib/python3.10/site-packages/sentinel_decision/lesson11_robot_pose.py to lesson11_robot_pose.cpython-310.pyc
[0.354s] byte-compiling /home/ethan/桌面/RoboVigor/sentinel_ws/install/sentinel_decision/lib/python3.10/site-packages/sentinel_decision/lesson27_odom_publisher.py to lesson27_odom_publisher.cpython-310.pyc
[0.354s] byte-compiling /home/ethan/桌面/RoboVigor/sentinel_ws/install/sentinel_decision/lib/python3.10/site-packages/sentinel_decision/lesson18_obstacle_safety.py to lesson18_obstacle_safety.cpython-310.pyc
[0.354s] byte-compiling /home/ethan/桌面/RoboVigor/sentinel_ws/install/sentinel_decision/lib/python3.10/site-packages/sentinel_decision/lesson03_decision_subscriber.py to lesson03_decision_subscriber.cpython-310.pyc
[0.355s] byte-compiling /home/ethan/桌面/RoboVigor/sentinel_ws/install/sentinel_decision/lib/python3.10/site-packages/sentinel_decision/lesson20_decision_publisher.py to lesson20_decision_publisher.cpython-310.pyc
[0.355s] byte-compiling /home/ethan/桌面/RoboVigor/sentinel_ws/install/sentinel_decision/lib/python3.10/site-packages/sentinel_decision/lesson07_robot_state.py to lesson07_robot_state.cpython-310.pyc
[0.355s] byte-compiling /home/ethan/桌面/RoboVigor/sentinel_ws/install/sentinel_decision/lib/python3.10/site-packages/sentinel_decision/lesson05_target_manager.py to lesson05_target_manager.cpython-310.pyc
[0.355s] byte-compiling /home/ethan/桌面/RoboVigor/sentinel_ws/install/sentinel_decision/lib/python3.10/site-packages/sentinel_decision/lesson06_decision_with_target.py to lesson06_decision_with_target.cpython-310.pyc
[0.355s] byte-compiling /home/ethan/桌面/RoboVigor/sentinel_ws/install/sentinel_decision/lib/python3.10/site-packages/sentinel_decision/lesson02_health_publisher.py to lesson02_health_publisher.cpython-310.pyc
[0.356s] byte-compiling /home/ethan/桌面/RoboVigor/sentinel_ws/install/sentinel_decision/lib/python3.10/site-packages/sentinel_decision/lesson22_cmd_vel_publisher.py to lesson22_cmd_vel_publisher.cpython-310.pyc
[0.356s] byte-compiling /home/ethan/桌面/RoboVigor/sentinel_ws/install/sentinel_decision/lib/python3.10/site-packages/sentinel_decision/lesson29_mecanum_sim.py to lesson29_mecanum_sim.cpython-310.pyc
[0.356s] byte-compiling /home/ethan/桌面/RoboVigor/sentinel_ws/install/sentinel_decision/lib/python3.10/site-packages/sentinel_decision/lesson12_tf2_demo.py to lesson12_tf2_demo.cpython-310.pyc
[0.356s] byte-compiling /home/ethan/桌面/RoboVigor/sentinel_ws/install/sentinel_decision/lib/python3.10/site-packages/sentinel_decision/lesson19_obstacle_decision.py to lesson19_obstacle_decision.cpython-310.pyc
[0.356s] byte-compiling /home/ethan/桌面/RoboVigor/sentinel_ws/install/sentinel_decision/lib/python3.10/site-packages/sentinel_decision/lesson13_tf_tree.py to lesson13_tf_tree.cpython-310.pyc
[0.357s] byte-compiling /home/ethan/桌面/RoboVigor/sentinel_ws/install/sentinel_decision/lib/python3.10/site-packages/sentinel_decision/lesson16_scan_reader.py to lesson16_scan_reader.cpython-310.pyc
[0.357s] byte-compiling /home/ethan/桌面/RoboVigor/sentinel_ws/install/sentinel_decision/lib/python3.10/site-packages/sentinel_decision/lesson28_cmd_vel_monitor.py to lesson28_cmd_vel_monitor.cpython-310.pyc
[0.357s] byte-compiling /home/ethan/桌面/RoboVigor/sentinel_ws/install/sentinel_decision/lib/python3.10/site-packages/sentinel_decision/lesson15_scan_publisher.py to lesson15_scan_publisher.cpython-310.pyc
[0.357s] byte-compiling /home/ethan/桌面/RoboVigor/sentinel_ws/install/sentinel_decision/lib/python3.10/site-packages/sentinel_decision/lesson01_decision.py to lesson01_decision.cpython-310.pyc
[0.357s] byte-compiling /home/ethan/桌面/RoboVigor/sentinel_ws/install/sentinel_decision/lib/python3.10/site-packages/sentinel_decision/lesson08_match_timer.py to lesson08_match_timer.cpython-310.pyc
[0.357s] byte-compiling /home/ethan/桌面/RoboVigor/sentinel_ws/install/sentinel_decision/lib/python3.10/site-packages/sentinel_decision/lesson30_mecanum_sim.py to lesson30_mecanum_sim.cpython-310.pyc
[0.358s] byte-compiling /home/ethan/桌面/RoboVigor/sentinel_ws/install/sentinel_decision/lib/python3.10/site-packages/sentinel_decision/lesson21_control_node.py to lesson21_control_node.cpython-310.pyc
[0.358s] byte-compiling /home/ethan/桌面/RoboVigor/sentinel_ws/install/sentinel_decision/lib/python3.10/site-packages/sentinel_decision/lesson04_mission_decision.py to lesson04_mission_decision.cpython-310.pyc
[0.358s] byte-compiling /home/ethan/桌面/RoboVigor/sentinel_ws/install/sentinel_decision/lib/python3.10/site-packages/sentinel_decision/__init__.py to __init__.cpython-310.pyc
[0.358s] running install_data
[0.358s] creating /home/ethan/桌面/RoboVigor/sentinel_ws/install/sentinel_decision/share/ament_index
[0.358s] creating /home/ethan/桌面/RoboVigor/sentinel_ws/install/sentinel_decision/share/ament_index/resource_index
[0.358s] creating /home/ethan/桌面/RoboVigor/sentinel_ws/install/sentinel_decision/share/ament_index/resource_index/packages
[0.358s] copying resource/sentinel_decision -> /home/ethan/桌面/RoboVigor/sentinel_ws/install/sentinel_decision/share/ament_index/resource_index/packages
[0.358s] copying package.xml -> /home/ethan/桌面/RoboVigor/sentinel_ws/install/sentinel_decision/share/sentinel_decision
[0.358s] creating /home/ethan/桌面/RoboVigor/sentinel_ws/install/sentinel_decision/share/sentinel_decision/launch
[0.358s] copying launch/lesson26.launch.py -> /home/ethan/桌面/RoboVigor/sentinel_ws/install/sentinel_decision/share/sentinel_decision/launch
[0.358s] creating /home/ethan/桌面/RoboVigor/sentinel_ws/install/sentinel_decision/share/sentinel_decision/rviz
[0.359s] copying rviz/lesson26.rviz -> /home/ethan/桌面/RoboVigor/sentinel_ws/install/sentinel_decision/share/sentinel_decision/rviz
[0.359s] running install_egg_info
[0.359s] Copying ../../build/sentinel_decision/sentinel_decision.egg-info to /home/ethan/桌面/RoboVigor/sentinel_ws/install/sentinel_decision/lib/python3.10/site-packages/sentinel_decision-0.0.0-py3.10.egg-info
[0.359s] running install_scripts
[0.368s] Installing lesson01_decision script to /home/ethan/桌面/RoboVigor/sentinel_ws/install/sentinel_decision/lib/sentinel_decision
[0.368s] Installing lesson02_health_publisher script to /home/ethan/桌面/RoboVigor/sentinel_ws/install/sentinel_decision/lib/sentinel_decision
[0.368s] Installing lesson03_decision_subscriber script to /home/ethan/桌面/RoboVigor/sentinel_ws/install/sentinel_decision/lib/sentinel_decision
[0.368s] Installing lesson04_mission_decision script to /home/ethan/桌面/RoboVigor/sentinel_ws/install/sentinel_decision/lib/sentinel_decision
[0.368s] Installing lesson05_target_manager script to /home/ethan/桌面/RoboVigor/sentinel_ws/install/sentinel_decision/lib/sentinel_decision
[0.369s] Installing lesson06_decision_with_target script to /home/ethan/桌面/RoboVigor/sentinel_ws/install/sentinel_decision/lib/sentinel_decision
[0.369s] Installing lesson07_robot_state script to /home/ethan/桌面/RoboVigor/sentinel_ws/install/sentinel_decision/lib/sentinel_decision
[0.369s] Installing lesson08_match_timer script to /home/ethan/桌面/RoboVigor/sentinel_ws/install/sentinel_decision/lib/sentinel_decision
[0.369s] Installing lesson09_health_time_decision script to /home/ethan/桌面/RoboVigor/sentinel_ws/install/sentinel_decision/lib/sentinel_decision
[0.369s] Installing lesson10_remaining_time script to /home/ethan/桌面/RoboVigor/sentinel_ws/install/sentinel_decision/lib/sentinel_decision
[0.369s] Installing lesson11_robot_pose script to /home/ethan/桌面/RoboVigor/sentinel_ws/install/sentinel_decision/lib/sentinel_decision
[0.369s] Installing lesson12_tf2_demo script to /home/ethan/桌面/RoboVigor/sentinel_ws/install/sentinel_decision/lib/sentinel_decision
[0.369s] Installing lesson13_tf_tree script to /home/ethan/桌面/RoboVigor/sentinel_ws/install/sentinel_decision/lib/sentinel_decision
[0.369s] Installing lesson15_scan_publisher script to /home/ethan/桌面/RoboVigor/sentinel_ws/install/sentinel_decision/lib/sentinel_decision
[0.369s] Installing lesson16_scan_reader script to /home/ethan/桌面/RoboVigor/sentinel_ws/install/sentinel_decision/lib/sentinel_decision
[0.369s] Installing lesson17_scan_zone script to /home/ethan/桌面/RoboVigor/sentinel_ws/install/sentinel_decision/lib/sentinel_decision
[0.369s] Installing lesson18_obstacle_safety script to /home/ethan/桌面/RoboVigor/sentinel_ws/install/sentinel_decision/lib/sentinel_decision
[0.369s] Installing lesson19_obstacle_decision script to /home/ethan/桌面/RoboVigor/sentinel_ws/install/sentinel_decision/lib/sentinel_decision
[0.369s] Installing lesson20_decision_publisher script to /home/ethan/桌面/RoboVigor/sentinel_ws/install/sentinel_decision/lib/sentinel_decision
[0.369s] Installing lesson21_control_node script to /home/ethan/桌面/RoboVigor/sentinel_ws/install/sentinel_decision/lib/sentinel_decision
[0.369s] Installing lesson22_cmd_vel_publisher script to /home/ethan/桌面/RoboVigor/sentinel_ws/install/sentinel_decision/lib/sentinel_decision
[0.369s] Installing lesson27_odom_publisher script to /home/ethan/桌面/RoboVigor/sentinel_ws/install/sentinel_decision/lib/sentinel_decision
[0.369s] Installing lesson28_cmd_vel_monitor script to /home/ethan/桌面/RoboVigor/sentinel_ws/install/sentinel_decision/lib/sentinel_decision
[0.370s] Installing lesson29_mecanum_sim script to /home/ethan/桌面/RoboVigor/sentinel_ws/install/sentinel_decision/lib/sentinel_decision
[0.370s] Installing lesson30_mecanum_sim script to /home/ethan/桌面/RoboVigor/sentinel_ws/install/sentinel_decision/lib/sentinel_decision
[0.370s] writing list of installed files to '/home/ethan/桌面/RoboVigor/sentinel_ws/build/sentinel_decision/install.log'
[0.378s] Invoked command in '/home/ethan/桌面/RoboVigor/sentinel_ws/src/sentinel_decision' returned '0': PYTHONPATH=/home/ethan/桌面/RoboVigor/sentinel_ws/build/sentinel_decision/prefix_override:/usr/lib/python3/dist-packages/colcon_core/task/python/colcon_distutils_commands:/home/ethan/桌面/RoboVigor/sentinel_ws/install/sentinel_decision/lib/python3.10/site-packages:${PYTHONPATH} /usr/bin/python3 -W ignore:setup.py install is deprecated -W ignore:easy_install command is deprecated setup.py egg_info --egg-base ../../build/sentinel_decision build --build-base /home/ethan/桌面/RoboVigor/sentinel_ws/build/sentinel_decision/build install --record /home/ethan/桌面/RoboVigor/sentinel_ws/build/sentinel_decision/install.log --install-scripts $base/lib/sentinel_decision --single-version-externally-managed install_data
