/home/ethan/sentinel_ws/install/sentinel_decision/lib/python3.10/site-packages/sentinel_decision/__init__.py
/home/ethan/sentinel_ws/install/sentinel_decision/lib/python3.10/site-packages/sentinel_decision/lesson06_decision_with_target.py
/home/ethan/sentinel_ws/install/sentinel_decision/lib/python3.10/site-packages/sentinel_decision/lesson02_health_publisher.py
/home/ethan/sentinel_ws/install/sentinel_decision/lib/python3.10/site-packages/sentinel_decision/lesson03_decision_subscriber.py
/home/ethan/sentinel_ws/install/sentinel_decision/lib/python3.10/site-packages/sentinel_decision/lesson04_mission_decision.py
/home/ethan/sentinel_ws/install/sentinel_decision/lib/python3.10/site-packages/sentinel_decision/lesson05_target_manager.py
/home/ethan/sentinel_ws/install/sentinel_decision/lib/python3.10/site-packages/sentinel_decision/lesson01_decision.py
/home/ethan/sentinel_ws/install/sentinel_decision/lib/python3.10/site-packages/sentinel_decision/__pycache__/__init__.cpython-310.pyc
/home/ethan/sentinel_ws/install/sentinel_decision/lib/python3.10/site-packages/sentinel_decision/__pycache__/lesson06_decision_with_target.cpython-310.pyc
/home/ethan/sentinel_ws/install/sentinel_decision/lib/python3.10/site-packages/sentinel_decision/__pycache__/lesson02_health_publisher.cpython-310.pyc
/home/ethan/sentinel_ws/install/sentinel_decision/lib/python3.10/site-packages/sentinel_decision/__pycache__/lesson03_decision_subscriber.cpython-310.pyc
/home/ethan/sentinel_ws/install/sentinel_decision/lib/python3.10/site-packages/sentinel_decision/__pycache__/lesson04_mission_decision.cpython-310.pyc
/home/ethan/sentinel_ws/install/sentinel_decision/lib/python3.10/site-packages/sentinel_decision/__pycache__/lesson05_target_manager.cpython-310.pyc
/home/ethan/sentinel_ws/install/sentinel_decision/lib/python3.10/site-packages/sentinel_decision/__pycache__/lesson01_decision.cpython-310.pyc
/home/ethan/sentinel_ws/install/sentinel_decision/share/ament_index/resource_index/packages/sentinel_decision
/home/ethan/sentinel_ws/install/sentinel_decision/share/sentinel_decision/package.xml
/home/ethan/sentinel_ws/install/sentinel_decision/lib/python3.10/site-packages/sentinel_decision-0.0.0-py3.10.egg-info/requires.txt
/home/ethan/sentinel_ws/install/sentinel_decision/lib/python3.10/site-packages/sentinel_decision-0.0.0-py3.10.egg-info/zip-safe
/home/ethan/sentinel_ws/install/sentinel_decision/lib/python3.10/site-packages/sentinel_decision-0.0.0-py3.10.egg-info/top_level.txt
/home/ethan/sentinel_ws/install/sentinel_decision/lib/python3.10/site-packages/sentinel_decision-0.0.0-py3.10.egg-info/PKG-INFO
/home/ethan/sentinel_ws/install/sentinel_decision/lib/python3.10/site-packages/sentinel_decision-0.0.0-py3.10.egg-info/SOURCES.txt
/home/ethan/sentinel_ws/install/sentinel_decision/lib/python3.10/site-packages/sentinel_decision-0.0.0-py3.10.egg-info/dependency_links.txt
/home/ethan/sentinel_ws/install/sentinel_decision/lib/python3.10/site-packages/sentinel_decision-0.0.0-py3.10.egg-info/entry_points.txt
/home/ethan/sentinel_ws/install/sentinel_decision/lib/sentinel_decision/lesson01_decision
/home/ethan/sentinel_ws/install/sentinel_decision/lib/sentinel_decision/lesson02_health_publisher
/home/ethan/sentinel_ws/install/sentinel_decision/lib/sentinel_decision/lesson03_decision_subscriber
/home/ethan/sentinel_ws/install/sentinel_decision/lib/sentinel_decision/lesson04_mission_decision
/home/ethan/sentinel_ws/install/sentinel_decision/lib/sentinel_decision/lesson05_target_manager
/home/ethan/sentinel_ws/install/sentinel_decision/lib/sentinel_decision/lesson06_decision_with_target
