[1.648s] Invoking command in '/home/ethan/RoboVigor/sentinel_ws/src/sentinel_decision': PYTHONPATH=/home/ethan/RoboVigor/sentinel_ws/build/sentinel_decision/prefix_override:/usr/lib/python3/dist-packages/colcon_core/task/python/colcon_distutils_commands:/home/ethan/RoboVigor/sentinel_ws/install/sentinel_decision/lib/python3.10/site-packages:${PYTHONPATH} /usr/bin/python3 -W ignore:setup.py install is deprecated -W ignore:easy_install command is deprecated setup.py egg_info --egg-base ../../build/sentinel_decision build --build-base /home/ethan/RoboVigor/sentinel_ws/build/sentinel_decision/build install --record /home/ethan/RoboVigor/sentinel_ws/build/sentinel_decision/install.log --install-scripts $base/lib/sentinel_decision --single-version-externally-managed install_data
[2.292s] running egg_info
[2.293s] writing ../../build/sentinel_decision/sentinel_decision.egg-info/PKG-INFO
[2.294s] writing dependency_links to ../../build/sentinel_decision/sentinel_decision.egg-info/dependency_links.txt
[2.295s] writing entry points to ../../build/sentinel_decision/sentinel_decision.egg-info/entry_points.txt
[2.295s] writing requirements to ../../build/sentinel_decision/sentinel_decision.egg-info/requires.txt
[2.295s] writing top-level names to ../../build/sentinel_decision/sentinel_decision.egg-info/top_level.txt
[2.300s] reading manifest file '../../build/sentinel_decision/sentinel_decision.egg-info/SOURCES.txt'
[2.302s] writing manifest file '../../build/sentinel_decision/sentinel_decision.egg-info/SOURCES.txt'
[2.302s] running build
[2.302s] running build_py
[2.305s] running install
[2.305s] running install_lib
[2.310s] running install_data
[2.310s] running install_egg_info
[2.315s] removing '/home/ethan/RoboVigor/sentinel_ws/install/sentinel_decision/lib/python3.10/site-packages/sentinel_decision-0.0.0-py3.10.egg-info' (and everything under it)
[2.316s] Copying ../../build/sentinel_decision/sentinel_decision.egg-info to /home/ethan/RoboVigor/sentinel_ws/install/sentinel_decision/lib/python3.10/site-packages/sentinel_decision-0.0.0-py3.10.egg-info
[2.317s] running install_scripts
[2.373s] Installing lesson01_decision script to /home/ethan/RoboVigor/sentinel_ws/install/sentinel_decision/lib/sentinel_decision
[2.373s] Installing lesson02_health_publisher script to /home/ethan/RoboVigor/sentinel_ws/install/sentinel_decision/lib/sentinel_decision
[2.375s] Installing lesson03_decision_subscriber script to /home/ethan/RoboVigor/sentinel_ws/install/sentinel_decision/lib/sentinel_decision
[2.375s] Installing lesson04_mission_decision script to /home/ethan/RoboVigor/sentinel_ws/install/sentinel_decision/lib/sentinel_decision
[2.375s] Installing lesson05_target_manager script to /home/ethan/RoboVigor/sentinel_ws/install/sentinel_decision/lib/sentinel_decision
[2.376s] Installing lesson06_decision_with_target script to /home/ethan/RoboVigor/sentinel_ws/install/sentinel_decision/lib/sentinel_decision
[2.376s] Installing lesson07_robot_state script to /home/ethan/RoboVigor/sentinel_ws/install/sentinel_decision/lib/sentinel_decision
[2.376s] Installing lesson08_match_timer script to /home/ethan/RoboVigor/sentinel_ws/install/sentinel_decision/lib/sentinel_decision
[2.376s] Installing lesson09_health_time_decision script to /home/ethan/RoboVigor/sentinel_ws/install/sentinel_decision/lib/sentinel_decision
[2.376s] Installing lesson10_remaining_time script to /home/ethan/RoboVigor/sentinel_ws/install/sentinel_decision/lib/sentinel_decision
[2.376s] Installing lesson11_robot_pose script to /home/ethan/RoboVigor/sentinel_ws/install/sentinel_decision/lib/sentinel_decision
[2.376s] Installing lesson12_tf2_demo script to /home/ethan/RoboVigor/sentinel_ws/install/sentinel_decision/lib/sentinel_decision
[2.377s] Installing lesson13_tf_tree script to /home/ethan/RoboVigor/sentinel_ws/install/sentinel_decision/lib/sentinel_decision
[2.377s] Installing lesson15_laserscan script to /home/ethan/RoboVigor/sentinel_ws/install/sentinel_decision/lib/sentinel_decision
[2.377s] Installing lesson16_laser_direction script to /home/ethan/RoboVigor/sentinel_ws/install/sentinel_decision/lib/sentinel_decision
[2.377s] writing list of installed files to '/home/ethan/RoboVigor/sentinel_ws/build/sentinel_decision/install.log'
[2.438s] Invoked command in '/home/ethan/RoboVigor/sentinel_ws/src/sentinel_decision' returned '0': PYTHONPATH=/home/ethan/RoboVigor/sentinel_ws/build/sentinel_decision/prefix_override:/usr/lib/python3/dist-packages/colcon_core/task/python/colcon_distutils_commands:/home/ethan/RoboVigor/sentinel_ws/install/sentinel_decision/lib/python3.10/site-packages:${PYTHONPATH} /usr/bin/python3 -W ignore:setup.py install is deprecated -W ignore:easy_install command is deprecated setup.py egg_info --egg-base ../../build/sentinel_decision build --build-base /home/ethan/RoboVigor/sentinel_ws/build/sentinel_decision/build install --record /home/ethan/RoboVigor/sentinel_ws/build/sentinel_decision/install.log --install-scripts $base/lib/sentinel_decision --single-version-externally-managed install_data
