[0.343s] Invoking command in '/home/ethan/sentinel_ws/src/sentinel_decision': PYTHONPATH=/home/ethan/sentinel_ws/build/sentinel_decision/prefix_override:/usr/lib/python3/dist-packages/colcon_core/task/python/colcon_distutils_commands:/home/ethan/sentinel_ws/install/sentinel_decision/lib/python3.10/site-packages:${PYTHONPATH} /usr/bin/python3 -W ignore:setup.py install is deprecated -W ignore:easy_install command is deprecated setup.py egg_info --egg-base ../../build/sentinel_decision build --build-base /home/ethan/sentinel_ws/build/sentinel_decision/build install --record /home/ethan/sentinel_ws/build/sentinel_decision/install.log --install-scripts $base/lib/sentinel_decision --single-version-externally-managed install_data
[0.451s] running egg_info
[0.451s] writing ../../build/sentinel_decision/sentinel_decision.egg-info/PKG-INFO
[0.452s] writing dependency_links to ../../build/sentinel_decision/sentinel_decision.egg-info/dependency_links.txt
[0.452s] writing entry points to ../../build/sentinel_decision/sentinel_decision.egg-info/entry_points.txt
[0.452s] writing requirements to ../../build/sentinel_decision/sentinel_decision.egg-info/requires.txt
[0.453s] writing top-level names to ../../build/sentinel_decision/sentinel_decision.egg-info/top_level.txt
[0.453s] reading manifest file '../../build/sentinel_decision/sentinel_decision.egg-info/SOURCES.txt'
[0.454s] writing manifest file '../../build/sentinel_decision/sentinel_decision.egg-info/SOURCES.txt'
[0.454s] running build
[0.454s] running build_py
[0.454s] copying sentinel_decision/lesson06_decision_with_target.py -> /home/ethan/sentinel_ws/build/sentinel_decision/build/lib/sentinel_decision
[0.454s] running install
[0.454s] running install_lib
[0.455s] copying /home/ethan/sentinel_ws/build/sentinel_decision/build/lib/sentinel_decision/lesson06_decision_with_target.py -> /home/ethan/sentinel_ws/install/sentinel_decision/lib/python3.10/site-packages/sentinel_decision
[0.455s] byte-compiling /home/ethan/sentinel_ws/install/sentinel_decision/lib/python3.10/site-packages/sentinel_decision/lesson06_decision_with_target.py to lesson06_decision_with_target.cpython-310.pyc
[0.456s] running install_data
[0.456s] running install_egg_info
[0.457s] removing '/home/ethan/sentinel_ws/install/sentinel_decision/lib/python3.10/site-packages/sentinel_decision-0.0.0-py3.10.egg-info' (and everything under it)
[0.457s] Copying ../../build/sentinel_decision/sentinel_decision.egg-info to /home/ethan/sentinel_ws/install/sentinel_decision/lib/python3.10/site-packages/sentinel_decision-0.0.0-py3.10.egg-info
[0.457s] running install_scripts
[0.466s] Installing lesson01_decision script to /home/ethan/sentinel_ws/install/sentinel_decision/lib/sentinel_decision
[0.466s] Installing lesson02_health_publisher script to /home/ethan/sentinel_ws/install/sentinel_decision/lib/sentinel_decision
[0.466s] Installing lesson03_decision_subscriber script to /home/ethan/sentinel_ws/install/sentinel_decision/lib/sentinel_decision
[0.466s] Installing lesson04_mission_decision script to /home/ethan/sentinel_ws/install/sentinel_decision/lib/sentinel_decision
[0.466s] Installing lesson05_target_manager script to /home/ethan/sentinel_ws/install/sentinel_decision/lib/sentinel_decision
[0.467s] Installing lesson06_decision_with_target script to /home/ethan/sentinel_ws/install/sentinel_decision/lib/sentinel_decision
[0.467s] writing list of installed files to '/home/ethan/sentinel_ws/build/sentinel_decision/install.log'
[0.475s] Invoked command in '/home/ethan/sentinel_ws/src/sentinel_decision' returned '0': PYTHONPATH=/home/ethan/sentinel_ws/build/sentinel_decision/prefix_override:/usr/lib/python3/dist-packages/colcon_core/task/python/colcon_distutils_commands:/home/ethan/sentinel_ws/install/sentinel_decision/lib/python3.10/site-packages:${PYTHONPATH} /usr/bin/python3 -W ignore:setup.py install is deprecated -W ignore:easy_install command is deprecated setup.py egg_info --egg-base ../../build/sentinel_decision build --build-base /home/ethan/sentinel_ws/build/sentinel_decision/build install --record /home/ethan/sentinel_ws/build/sentinel_decision/install.log --install-scripts $base/lib/sentinel_decision --single-version-externally-managed install_data
