[0.400s] Invoking command in '/home/ethan/RoboVigor/sentinel_ws/src/sentinel_decision': PYTHONPATH=/home/ethan/RoboVigor/sentinel_ws/build/sentinel_decision/prefix_override:/usr/lib/python3/dist-packages/colcon_core/task/python/colcon_distutils_commands:/home/ethan/RoboVigor/sentinel_ws/install/sentinel_decision/lib/python3.10/site-packages:${PYTHONPATH} /usr/bin/python3 -W ignore:setup.py install is deprecated -W ignore:easy_install command is deprecated setup.py egg_info --egg-base ../../build/sentinel_decision build --build-base /home/ethan/RoboVigor/sentinel_ws/build/sentinel_decision/build install --record /home/ethan/RoboVigor/sentinel_ws/build/sentinel_decision/install.log --install-scripts $base/lib/sentinel_decision --single-version-externally-managed install_data
[0.561s] running egg_info
[0.562s] writing ../../build/sentinel_decision/sentinel_decision.egg-info/PKG-INFO
[0.562s] writing dependency_links to ../../build/sentinel_decision/sentinel_decision.egg-info/dependency_links.txt
[0.562s] writing entry points to ../../build/sentinel_decision/sentinel_decision.egg-info/entry_points.txt
[0.562s] writing requirements to ../../build/sentinel_decision/sentinel_decision.egg-info/requires.txt
[0.562s] writing top-level names to ../../build/sentinel_decision/sentinel_decision.egg-info/top_level.txt
[0.563s] reading manifest file '../../build/sentinel_decision/sentinel_decision.egg-info/SOURCES.txt'
[0.563s] writing manifest file '../../build/sentinel_decision/sentinel_decision.egg-info/SOURCES.txt'
[0.563s] running build
[0.563s] running build_py
[0.564s] copying sentinel_decision/lesson08_match_timer.py -> /home/ethan/RoboVigor/sentinel_ws/build/sentinel_decision/build/lib/sentinel_decision
[0.564s] running install
[0.564s] running install_lib
[0.565s] copying /home/ethan/RoboVigor/sentinel_ws/build/sentinel_decision/build/lib/sentinel_decision/lesson08_match_timer.py -> /home/ethan/RoboVigor/sentinel_ws/install/sentinel_decision/lib/python3.10/site-packages/sentinel_decision
[0.565s] byte-compiling /home/ethan/RoboVigor/sentinel_ws/install/sentinel_decision/lib/python3.10/site-packages/sentinel_decision/lesson08_match_timer.py to lesson08_match_timer.cpython-310.pyc
[0.566s] running install_data
[0.566s] running install_egg_info
[0.567s] removing '/home/ethan/RoboVigor/sentinel_ws/install/sentinel_decision/lib/python3.10/site-packages/sentinel_decision-0.0.0-py3.10.egg-info' (and everything under it)
[0.567s] Copying ../../build/sentinel_decision/sentinel_decision.egg-info to /home/ethan/RoboVigor/sentinel_ws/install/sentinel_decision/lib/python3.10/site-packages/sentinel_decision-0.0.0-py3.10.egg-info
[0.567s] running install_scripts
[0.582s] Installing lesson01_decision script to /home/ethan/RoboVigor/sentinel_ws/install/sentinel_decision/lib/sentinel_decision
[0.582s] Installing lesson02_health_publisher script to /home/ethan/RoboVigor/sentinel_ws/install/sentinel_decision/lib/sentinel_decision
[0.582s] Installing lesson03_decision_subscriber script to /home/ethan/RoboVigor/sentinel_ws/install/sentinel_decision/lib/sentinel_decision
[0.582s] Installing lesson04_mission_decision script to /home/ethan/RoboVigor/sentinel_ws/install/sentinel_decision/lib/sentinel_decision
[0.582s] Installing lesson05_target_manager script to /home/ethan/RoboVigor/sentinel_ws/install/sentinel_decision/lib/sentinel_decision
[0.582s] Installing lesson06_decision_with_target script to /home/ethan/RoboVigor/sentinel_ws/install/sentinel_decision/lib/sentinel_decision
[0.582s] Installing lesson07_robot_state script to /home/ethan/RoboVigor/sentinel_ws/install/sentinel_decision/lib/sentinel_decision
[0.582s] Installing lesson08_match_timer script to /home/ethan/RoboVigor/sentinel_ws/install/sentinel_decision/lib/sentinel_decision
[0.582s] writing list of installed files to '/home/ethan/RoboVigor/sentinel_ws/build/sentinel_decision/install.log'
[0.598s] Invoked command in '/home/ethan/RoboVigor/sentinel_ws/src/sentinel_decision' returned '0': PYTHONPATH=/home/ethan/RoboVigor/sentinel_ws/build/sentinel_decision/prefix_override:/usr/lib/python3/dist-packages/colcon_core/task/python/colcon_distutils_commands:/home/ethan/RoboVigor/sentinel_ws/install/sentinel_decision/lib/python3.10/site-packages:${PYTHONPATH} /usr/bin/python3 -W ignore:setup.py install is deprecated -W ignore:easy_install command is deprecated setup.py egg_info --egg-base ../../build/sentinel_decision build --build-base /home/ethan/RoboVigor/sentinel_ws/build/sentinel_decision/build install --record /home/ethan/RoboVigor/sentinel_ws/build/sentinel_decision/install.log --install-scripts $base/lib/sentinel_decision --single-version-externally-managed install_data
