[0.275s] Invoking command in '/home/ethan/sentinel_ws/src/sentinel_decision': PYTHONPATH=/home/ethan/sentinel_ws/build/sentinel_decision/prefix_override:/usr/lib/python3/dist-packages/colcon_core/task/python/colcon_distutils_commands:/home/ethan/sentinel_ws/install/sentinel_decision/lib/python3.10/site-packages:${PYTHONPATH} /usr/bin/python3 -W ignore:setup.py install is deprecated -W ignore:easy_install command is deprecated setup.py egg_info --egg-base ../../build/sentinel_decision build --build-base /home/ethan/sentinel_ws/build/sentinel_decision/build install --record /home/ethan/sentinel_ws/build/sentinel_decision/install.log --install-scripts $base/lib/sentinel_decision --single-version-externally-managed install_data
[0.382s] running egg_info
[0.383s] writing ../../build/sentinel_decision/sentinel_decision.egg-info/PKG-INFO
[0.383s] writing dependency_links to ../../build/sentinel_decision/sentinel_decision.egg-info/dependency_links.txt
[0.383s] writing entry points to ../../build/sentinel_decision/sentinel_decision.egg-info/entry_points.txt
[0.383s] writing requirements to ../../build/sentinel_decision/sentinel_decision.egg-info/requires.txt
[0.383s] writing top-level names to ../../build/sentinel_decision/sentinel_decision.egg-info/top_level.txt
[0.383s] reading manifest file '../../build/sentinel_decision/sentinel_decision.egg-info/SOURCES.txt'
[0.384s] writing manifest file '../../build/sentinel_decision/sentinel_decision.egg-info/SOURCES.txt'
[0.384s] running build
[0.384s] running build_py
[0.384s] copying sentinel_decision/lesson02_health_publisher.py -> /home/ethan/sentinel_ws/build/sentinel_decision/build/lib/sentinel_decision
[0.384s] running install
[0.384s] running install_lib
[0.384s] copying /home/ethan/sentinel_ws/build/sentinel_decision/build/lib/sentinel_decision/lesson02_health_publisher.py -> /home/ethan/sentinel_ws/install/sentinel_decision/lib/python3.10/site-packages/sentinel_decision
[0.384s] byte-compiling /home/ethan/sentinel_ws/install/sentinel_decision/lib/python3.10/site-packages/sentinel_decision/lesson02_health_publisher.py to lesson02_health_publisher.cpython-310.pyc
[0.385s] running install_data
[0.385s] running install_egg_info
[0.385s] removing '/home/ethan/sentinel_ws/install/sentinel_decision/lib/python3.10/site-packages/sentinel_decision-0.0.0-py3.10.egg-info' (and everything under it)
[0.386s] Copying ../../build/sentinel_decision/sentinel_decision.egg-info to /home/ethan/sentinel_ws/install/sentinel_decision/lib/python3.10/site-packages/sentinel_decision-0.0.0-py3.10.egg-info
[0.386s] running install_scripts
[0.395s] Installing lesson01_decision script to /home/ethan/sentinel_ws/install/sentinel_decision/lib/sentinel_decision
[0.395s] Installing lesson02_health_publisher script to /home/ethan/sentinel_ws/install/sentinel_decision/lib/sentinel_decision
[0.395s] writing list of installed files to '/home/ethan/sentinel_ws/build/sentinel_decision/install.log'
[0.404s] Invoked command in '/home/ethan/sentinel_ws/src/sentinel_decision' returned '0': PYTHONPATH=/home/ethan/sentinel_ws/build/sentinel_decision/prefix_override:/usr/lib/python3/dist-packages/colcon_core/task/python/colcon_distutils_commands:/home/ethan/sentinel_ws/install/sentinel_decision/lib/python3.10/site-packages:${PYTHONPATH} /usr/bin/python3 -W ignore:setup.py install is deprecated -W ignore:easy_install command is deprecated setup.py egg_info --egg-base ../../build/sentinel_decision build --build-base /home/ethan/sentinel_ws/build/sentinel_decision/build install --record /home/ethan/sentinel_ws/build/sentinel_decision/install.log --install-scripts $base/lib/sentinel_decision --single-version-externally-managed install_data
