[0.353s] Invoking command in '/home/ethan/RoboVigor/sentinel_ws/src/sentinel_decision': PYTHONPATH=/home/ethan/RoboVigor/sentinel_ws/build/sentinel_decision/prefix_override:/usr/lib/python3/dist-packages/colcon_core/task/python/colcon_distutils_commands:/home/ethan/RoboVigor/sentinel_ws/install/sentinel_decision/lib/python3.10/site-packages:${PYTHONPATH} /usr/bin/python3 -W ignore:setup.py install is deprecated -W ignore:easy_install command is deprecated setup.py egg_info --egg-base ../../build/sentinel_decision build --build-base /home/ethan/RoboVigor/sentinel_ws/build/sentinel_decision/build install --record /home/ethan/RoboVigor/sentinel_ws/build/sentinel_decision/install.log --install-scripts $base/lib/sentinel_decision --single-version-externally-managed install_data
[0.497s] running egg_info
[0.497s] writing ../../build/sentinel_decision/sentinel_decision.egg-info/PKG-INFO
[0.497s] writing dependency_links to ../../build/sentinel_decision/sentinel_decision.egg-info/dependency_links.txt
[0.497s] writing entry points to ../../build/sentinel_decision/sentinel_decision.egg-info/entry_points.txt
[0.497s] writing requirements to ../../build/sentinel_decision/sentinel_decision.egg-info/requires.txt
[0.497s] writing top-level names to ../../build/sentinel_decision/sentinel_decision.egg-info/top_level.txt
[0.498s] reading manifest file '../../build/sentinel_decision/sentinel_decision.egg-info/SOURCES.txt'
[0.499s] writing manifest file '../../build/sentinel_decision/sentinel_decision.egg-info/SOURCES.txt'
[0.499s] running build
[0.499s] running build_py
[0.499s] copying sentinel_decision/lesson21_control_node.py -> /home/ethan/RoboVigor/sentinel_ws/build/sentinel_decision/build/lib/sentinel_decision
[0.500s] running install
[0.500s] running install_lib
[0.501s] copying /home/ethan/RoboVigor/sentinel_ws/build/sentinel_decision/build/lib/sentinel_decision/lesson21_control_node.py -> /home/ethan/RoboVigor/sentinel_ws/install/sentinel_decision/lib/python3.10/site-packages/sentinel_decision
[0.501s] byte-compiling /home/ethan/RoboVigor/sentinel_ws/install/sentinel_decision/lib/python3.10/site-packages/sentinel_decision/lesson21_control_node.py to lesson21_control_node.cpython-310.pyc
[0.502s] running install_data
[0.502s] running install_egg_info
[0.503s] removing '/home/ethan/RoboVigor/sentinel_ws/install/sentinel_decision/lib/python3.10/site-packages/sentinel_decision-0.0.0-py3.10.egg-info' (and everything under it)
[0.503s] Copying ../../build/sentinel_decision/sentinel_decision.egg-info to /home/ethan/RoboVigor/sentinel_ws/install/sentinel_decision/lib/python3.10/site-packages/sentinel_decision-0.0.0-py3.10.egg-info
[0.503s] running install_scripts
[0.516s] Installing lesson01_decision script to /home/ethan/RoboVigor/sentinel_ws/install/sentinel_decision/lib/sentinel_decision
[0.516s] Installing lesson02_health_publisher script to /home/ethan/RoboVigor/sentinel_ws/install/sentinel_decision/lib/sentinel_decision
[0.516s] Installing lesson03_decision_subscriber script to /home/ethan/RoboVigor/sentinel_ws/install/sentinel_decision/lib/sentinel_decision
[0.516s] Installing lesson04_mission_decision script to /home/ethan/RoboVigor/sentinel_ws/install/sentinel_decision/lib/sentinel_decision
[0.516s] Installing lesson05_target_manager script to /home/ethan/RoboVigor/sentinel_ws/install/sentinel_decision/lib/sentinel_decision
[0.516s] Installing lesson06_decision_with_target script to /home/ethan/RoboVigor/sentinel_ws/install/sentinel_decision/lib/sentinel_decision
[0.516s] Installing lesson07_robot_state script to /home/ethan/RoboVigor/sentinel_ws/install/sentinel_decision/lib/sentinel_decision
[0.516s] Installing lesson08_match_timer script to /home/ethan/RoboVigor/sentinel_ws/install/sentinel_decision/lib/sentinel_decision
[0.516s] Installing lesson09_health_time_decision script to /home/ethan/RoboVigor/sentinel_ws/install/sentinel_decision/lib/sentinel_decision
[0.516s] Installing lesson10_remaining_time script to /home/ethan/RoboVigor/sentinel_ws/install/sentinel_decision/lib/sentinel_decision
[0.516s] Installing lesson11_robot_pose script to /home/ethan/RoboVigor/sentinel_ws/install/sentinel_decision/lib/sentinel_decision
[0.516s] Installing lesson12_tf2_demo script to /home/ethan/RoboVigor/sentinel_ws/install/sentinel_decision/lib/sentinel_decision
[0.517s] Installing lesson13_tf_tree script to /home/ethan/RoboVigor/sentinel_ws/install/sentinel_decision/lib/sentinel_decision
[0.517s] Installing lesson15_scan_publisher script to /home/ethan/RoboVigor/sentinel_ws/install/sentinel_decision/lib/sentinel_decision
[0.517s] Installing lesson16_scan_reader script to /home/ethan/RoboVigor/sentinel_ws/install/sentinel_decision/lib/sentinel_decision
[0.517s] Installing lesson17_scan_zone script to /home/ethan/RoboVigor/sentinel_ws/install/sentinel_decision/lib/sentinel_decision
[0.517s] Installing lesson18_obstacle_safety script to /home/ethan/RoboVigor/sentinel_ws/install/sentinel_decision/lib/sentinel_decision
[0.517s] Installing lesson19_obstacle_decision script to /home/ethan/RoboVigor/sentinel_ws/install/sentinel_decision/lib/sentinel_decision
[0.517s] Installing lesson20_decision_publisher script to /home/ethan/RoboVigor/sentinel_ws/install/sentinel_decision/lib/sentinel_decision
[0.517s] Installing lesson21_control_node script to /home/ethan/RoboVigor/sentinel_ws/install/sentinel_decision/lib/sentinel_decision
[0.517s] writing list of installed files to '/home/ethan/RoboVigor/sentinel_ws/build/sentinel_decision/install.log'
[0.530s] Invoked command in '/home/ethan/RoboVigor/sentinel_ws/src/sentinel_decision' returned '0': PYTHONPATH=/home/ethan/RoboVigor/sentinel_ws/build/sentinel_decision/prefix_override:/usr/lib/python3/dist-packages/colcon_core/task/python/colcon_distutils_commands:/home/ethan/RoboVigor/sentinel_ws/install/sentinel_decision/lib/python3.10/site-packages:${PYTHONPATH} /usr/bin/python3 -W ignore:setup.py install is deprecated -W ignore:easy_install command is deprecated setup.py egg_info --egg-base ../../build/sentinel_decision build --build-base /home/ethan/RoboVigor/sentinel_ws/build/sentinel_decision/build install --record /home/ethan/RoboVigor/sentinel_ws/build/sentinel_decision/install.log --install-scripts $base/lib/sentinel_decision --single-version-externally-managed install_data
