[0.045s] DEBUG:colcon:Command line arguments: ['/usr/bin/colcon', 'build', '--packages-select', 'sentinel_decision', '--symlink-install']
[0.045s] DEBUG:colcon:Parsed command line arguments: Namespace(log_base=None, log_level=None, verb_name='build', build_base='build', install_base='install', merge_install=False, symlink_install=True, test_result_base=None, continue_on_error=False, executor='parallel', parallel_workers=32, event_handlers=None, ignore_user_meta=False, metas=['./colcon.meta'], base_paths=['.'], packages_ignore=None, packages_ignore_regex=None, paths=None, packages_up_to=None, packages_up_to_regex=None, packages_above=None, packages_above_and_dependencies=None, packages_above_depth=None, packages_select_by_dep=None, packages_skip_by_dep=None, packages_skip_up_to=None, packages_select_build_failed=False, packages_skip_build_finished=False, packages_select_test_failures=False, packages_skip_test_passed=False, packages_select=['sentinel_decision'], packages_skip=None, packages_select_regex=None, packages_skip_regex=None, packages_start=None, packages_end=None, allow_overriding=[], cmake_args=None, cmake_target=None, cmake_target_skip_unavailable=False, cmake_clean_cache=False, cmake_clean_first=False, cmake_force_configure=False, ament_cmake_args=None, catkin_cmake_args=None, catkin_skip_building_tests=False, verb_parser=<colcon_defaults.argument_parser.defaults.DefaultArgumentsDecorator object at 0x74a5d8a66140>, verb_extension=<colcon_core.verb.build.BuildVerb object at 0x74a5d8a65c00>, main=<bound method BuildVerb.main of <colcon_core.verb.build.BuildVerb object at 0x74a5d8a65c00>>)
[0.118s] Level 1:colcon.colcon_core.package_discovery:discover_packages(colcon_meta) check parameters
[0.118s] Level 1:colcon.colcon_core.package_discovery:discover_packages(recursive) check parameters
[0.118s] Level 1:colcon.colcon_core.package_discovery:discover_packages(ignore) check parameters
[0.118s] Level 1:colcon.colcon_core.package_discovery:discover_packages(path) check parameters
[0.118s] Level 1:colcon.colcon_core.package_discovery:discover_packages(colcon_meta) discover
[0.118s] Level 1:colcon.colcon_core.package_discovery:discover_packages(recursive) discover
[0.118s] INFO:colcon.colcon_core.package_discovery:Crawling recursively for packages in '/home/ethan/RoboVigor/sentinel_ws'
[0.118s] Level 1:colcon.colcon_core.package_identification:_identify(.) by extensions ['ignore', 'ignore_ament_install']
[0.118s] Level 1:colcon.colcon_core.package_identification:_identify(.) by extension 'ignore'
[0.118s] Level 1:colcon.colcon_core.package_identification:_identify(.) by extension 'ignore_ament_install'
[0.118s] Level 1:colcon.colcon_core.package_identification:_identify(.) by extensions ['colcon_pkg']
[0.118s] Level 1:colcon.colcon_core.package_identification:_identify(.) by extension 'colcon_pkg'
[0.118s] Level 1:colcon.colcon_core.package_identification:_identify(.) by extensions ['colcon_meta']
[0.118s] Level 1:colcon.colcon_core.package_identification:_identify(.) by extension 'colcon_meta'
[0.118s] Level 1:colcon.colcon_core.package_identification:_identify(.) by extensions ['ros']
[0.118s] Level 1:colcon.colcon_core.package_identification:_identify(.) by extension 'ros'
[0.123s] Level 1:colcon.colcon_core.package_identification:_identify(.) by extensions ['cmake', 'python']
[0.123s] Level 1:colcon.colcon_core.package_identification:_identify(.) by extension 'cmake'
[0.123s] Level 1:colcon.colcon_core.package_identification:_identify(.) by extension 'python'
[0.123s] Level 1:colcon.colcon_core.package_identification:_identify(.) by extensions ['python_setup_py']
[0.123s] Level 1:colcon.colcon_core.package_identification:_identify(.) by extension 'python_setup_py'
[0.123s] Level 1:colcon.colcon_core.package_identification:_identify(build) by extensions ['ignore', 'ignore_ament_install']
[0.123s] Level 1:colcon.colcon_core.package_identification:_identify(build) by extension 'ignore'
[0.123s] Level 1:colcon.colcon_core.package_identification:_identify(build) ignored
[0.123s] Level 1:colcon.colcon_core.package_identification:_identify(install) by extensions ['ignore', 'ignore_ament_install']
[0.123s] Level 1:colcon.colcon_core.package_identification:_identify(install) by extension 'ignore'
[0.123s] Level 1:colcon.colcon_core.package_identification:_identify(install) ignored
[0.123s] Level 1:colcon.colcon_core.package_identification:_identify(log) by extensions ['ignore', 'ignore_ament_install']
[0.123s] Level 1:colcon.colcon_core.package_identification:_identify(log) by extension 'ignore'
[0.123s] Level 1:colcon.colcon_core.package_identification:_identify(log) ignored
[0.123s] Level 1:colcon.colcon_core.package_identification:_identify(src) by extensions ['ignore', 'ignore_ament_install']
[0.123s] Level 1:colcon.colcon_core.package_identification:_identify(src) by extension 'ignore'
[0.123s] Level 1:colcon.colcon_core.package_identification:_identify(src) by extension 'ignore_ament_install'
[0.123s] Level 1:colcon.colcon_core.package_identification:_identify(src) by extensions ['colcon_pkg']
[0.123s] Level 1:colcon.colcon_core.package_identification:_identify(src) by extension 'colcon_pkg'
[0.123s] Level 1:colcon.colcon_core.package_identification:_identify(src) by extensions ['colcon_meta']
[0.123s] Level 1:colcon.colcon_core.package_identification:_identify(src) by extension 'colcon_meta'
[0.123s] Level 1:colcon.colcon_core.package_identification:_identify(src) by extensions ['ros']
[0.123s] Level 1:colcon.colcon_core.package_identification:_identify(src) by extension 'ros'
[0.123s] Level 1:colcon.colcon_core.package_identification:_identify(src) by extensions ['cmake', 'python']
[0.123s] Level 1:colcon.colcon_core.package_identification:_identify(src) by extension 'cmake'
[0.123s] Level 1:colcon.colcon_core.package_identification:_identify(src) by extension 'python'
[0.123s] Level 1:colcon.colcon_core.package_identification:_identify(src) by extensions ['python_setup_py']
[0.123s] Level 1:colcon.colcon_core.package_identification:_identify(src) by extension 'python_setup_py'
[0.123s] Level 1:colcon.colcon_core.package_identification:_identify(src/sentinel_decision) by extensions ['ignore', 'ignore_ament_install']
[0.123s] Level 1:colcon.colcon_core.package_identification:_identify(src/sentinel_decision) by extension 'ignore'
[0.123s] Level 1:colcon.colcon_core.package_identification:_identify(src/sentinel_decision) by extension 'ignore_ament_install'
[0.124s] Level 1:colcon.colcon_core.package_identification:_identify(src/sentinel_decision) by extensions ['colcon_pkg']
[0.124s] Level 1:colcon.colcon_core.package_identification:_identify(src/sentinel_decision) by extension 'colcon_pkg'
[0.124s] Level 1:colcon.colcon_core.package_identification:_identify(src/sentinel_decision) by extensions ['colcon_meta']
[0.124s] Level 1:colcon.colcon_core.package_identification:_identify(src/sentinel_decision) by extension 'colcon_meta'
[0.124s] Level 1:colcon.colcon_core.package_identification:_identify(src/sentinel_decision) by extensions ['ros']
[0.124s] Level 1:colcon.colcon_core.package_identification:_identify(src/sentinel_decision) by extension 'ros'
[0.125s] DEBUG:colcon.colcon_core.package_identification:Package 'src/sentinel_decision' with type 'ros.ament_python' and name 'sentinel_decision'
[0.125s] Level 1:colcon.colcon_core.package_discovery:discover_packages(recursive) using defaults
[0.125s] Level 1:colcon.colcon_core.package_discovery:discover_packages(ignore) discover
[0.125s] Level 1:colcon.colcon_core.package_discovery:discover_packages(ignore) using defaults
[0.125s] Level 1:colcon.colcon_core.package_discovery:discover_packages(path) discover
[0.125s] Level 1:colcon.colcon_core.package_discovery:discover_packages(path) using defaults
[0.137s] Level 1:colcon.colcon_core.package_discovery:discover_packages(prefix_path) check parameters
[0.137s] Level 1:colcon.colcon_core.package_discovery:discover_packages(prefix_path) discover
[0.138s] DEBUG:colcon.colcon_installed_package_information.package_discovery:Found 1 installed packages in /home/ethan/RoboVigor/sentinel_ws/install
[0.138s] DEBUG:colcon.colcon_installed_package_information.package_discovery:Found 441 installed packages in /opt/ros/humble
[0.139s] Level 1:colcon.colcon_core.package_discovery:discover_packages(prefix_path) using defaults
[0.162s] Level 5:colcon.colcon_core.verb:set package 'sentinel_decision' build argument 'cmake_args' from command line to 'None'
[0.162s] Level 5:colcon.colcon_core.verb:set package 'sentinel_decision' build argument 'cmake_target' from command line to 'None'
[0.162s] Level 5:colcon.colcon_core.verb:set package 'sentinel_decision' build argument 'cmake_target_skip_unavailable' from command line to 'False'
[0.162s] Level 5:colcon.colcon_core.verb:set package 'sentinel_decision' build argument 'cmake_clean_cache' from command line to 'False'
[0.162s] Level 5:colcon.colcon_core.verb:set package 'sentinel_decision' build argument 'cmake_clean_first' from command line to 'False'
[0.162s] Level 5:colcon.colcon_core.verb:set package 'sentinel_decision' build argument 'cmake_force_configure' from command line to 'False'
[0.162s] Level 5:colcon.colcon_core.verb:set package 'sentinel_decision' build argument 'ament_cmake_args' from command line to 'None'
[0.162s] Level 5:colcon.colcon_core.verb:set package 'sentinel_decision' build argument 'catkin_cmake_args' from command line to 'None'
[0.162s] Level 5:colcon.colcon_core.verb:set package 'sentinel_decision' build argument 'catkin_skip_building_tests' from command line to 'False'
[0.162s] DEBUG:colcon.colcon_core.verb:Building package 'sentinel_decision' with the following arguments: {'ament_cmake_args': None, 'build_base': '/home/ethan/RoboVigor/sentinel_ws/build/sentinel_decision', 'catkin_cmake_args': None, 'catkin_skip_building_tests': False, 'cmake_args': None, 'cmake_clean_cache': False, 'cmake_clean_first': False, 'cmake_force_configure': False, 'cmake_target': None, 'cmake_target_skip_unavailable': False, 'install_base': '/home/ethan/RoboVigor/sentinel_ws/install/sentinel_decision', 'merge_install': False, 'path': '/home/ethan/RoboVigor/sentinel_ws/src/sentinel_decision', 'symlink_install': True, 'test_result_base': None}
[0.162s] INFO:colcon.colcon_core.executor:Executing jobs using 'parallel' executor
[0.163s] DEBUG:colcon.colcon_parallel_executor.executor.parallel:run_until_complete
[0.163s] INFO:colcon.colcon_ros.task.ament_python.build:Building ROS package in '/home/ethan/RoboVigor/sentinel_ws/src/sentinel_decision' with build type 'ament_python'
[0.163s] Level 1:colcon.colcon_core.shell:create_environment_hook('sentinel_decision', 'ament_prefix_path')
[0.164s] INFO:colcon.colcon_core.plugin_system:Skipping extension 'colcon_core.shell.bat': Not used on non-Windows systems
[0.164s] INFO:colcon.colcon_core.shell:Creating environment hook '/home/ethan/RoboVigor/sentinel_ws/install/sentinel_decision/share/sentinel_decision/hook/ament_prefix_path.ps1'
[0.164s] INFO:colcon.colcon_core.shell:Creating environment descriptor '/home/ethan/RoboVigor/sentinel_ws/install/sentinel_decision/share/sentinel_decision/hook/ament_prefix_path.dsv'
[0.164s] INFO:colcon.colcon_core.shell:Creating environment hook '/home/ethan/RoboVigor/sentinel_ws/install/sentinel_decision/share/sentinel_decision/hook/ament_prefix_path.sh'
[0.164s] INFO:colcon.colcon_core.shell:Skip shell extension 'powershell' for command environment: Not usable outside of PowerShell
[0.164s] DEBUG:colcon.colcon_core.shell:Skip shell extension 'dsv' for command environment
[0.282s] INFO:colcon.colcon_core.task.python.build:Building Python package in '/home/ethan/RoboVigor/sentinel_ws/src/sentinel_decision'
[0.282s] INFO:colcon.colcon_core.shell:Skip shell extension 'powershell' for command environment: Not usable outside of PowerShell
[0.282s] DEBUG:colcon.colcon_core.shell:Skip shell extension 'dsv' for command environment
[0.453s] DEBUG:colcon.colcon_core.task.python.build:Available setuptools commands: egg_info, bdist, bdist_rpm, setopt, build_py, register, build_ext, clean, extract_messages, install_scripts, symlink_data, install_egg_info, easy_install, init_catalog, rotate, build_clib, build_scripts, sdist, install_lib, install_data, upload_docs, bdist_dumb, build, bdist_wheel, check, bdist_egg, saveopts, compile_catalog, dist_info, develop, install_headers, alias, test, update_catalog, install, upload
[0.582s] DEBUG:colcon.colcon_core.task.python.build:Available setuptools 'develop' options: --prefix, --site-dirs, --force-installation-into-system-dir, --dry-run, --install-dir, --always-unzip, --editable, --no-user-cfg, --quiet, --install-layout, --exclude-scripts, --script-dir, --upgrade, --allow-hosts, --index-url, --multi-version, --verbose, --egg-path, --always-copy, --find-links, --uninstall, --help, --no-deps, --version, --no-find-links, --zip-ok, --build-directory, --user, --record, --optimize, --local-snapshots-ok
[0.583s] DEBUG:colcon.colcon_core.task.python.build:While undoing a previous installation files outside the Python library path are being ignored: /home/ethan/RoboVigor/sentinel_ws/install/sentinel_decision/share/ament_index/resource_index/packages/sentinel_decision
[0.583s] DEBUG:colcon.colcon_core.task.python.build:While undoing a previous installation files outside the Python library path are being ignored: /home/ethan/RoboVigor/sentinel_ws/install/sentinel_decision/share/sentinel_decision/package.xml
[0.583s] DEBUG:colcon.colcon_core.task.python.build:While undoing a previous installation files outside the Python library path are being ignored: /home/ethan/RoboVigor/sentinel_ws/install/sentinel_decision/share/sentinel_decision/launch/lesson26.launch.py
[0.583s] DEBUG:colcon.colcon_core.task.python.build:While undoing a previous installation files outside the Python library path are being ignored: /home/ethan/RoboVigor/sentinel_ws/install/sentinel_decision/lib/sentinel_decision/lesson01_decision
[0.583s] DEBUG:colcon.colcon_core.task.python.build:While undoing a previous installation files outside the Python library path are being ignored: /home/ethan/RoboVigor/sentinel_ws/install/sentinel_decision/lib/sentinel_decision/lesson02_health_publisher
[0.583s] DEBUG:colcon.colcon_core.task.python.build:While undoing a previous installation files outside the Python library path are being ignored: /home/ethan/RoboVigor/sentinel_ws/install/sentinel_decision/lib/sentinel_decision/lesson03_decision_subscriber
[0.583s] DEBUG:colcon.colcon_core.task.python.build:While undoing a previous installation files outside the Python library path are being ignored: /home/ethan/RoboVigor/sentinel_ws/install/sentinel_decision/lib/sentinel_decision/lesson04_mission_decision
[0.583s] DEBUG:colcon.colcon_core.task.python.build:While undoing a previous installation files outside the Python library path are being ignored: /home/ethan/RoboVigor/sentinel_ws/install/sentinel_decision/lib/sentinel_decision/lesson05_target_manager
[0.583s] DEBUG:colcon.colcon_core.task.python.build:While undoing a previous installation files outside the Python library path are being ignored: /home/ethan/RoboVigor/sentinel_ws/install/sentinel_decision/lib/sentinel_decision/lesson06_decision_with_target
[0.583s] DEBUG:colcon.colcon_core.task.python.build:While undoing a previous installation files outside the Python library path are being ignored: /home/ethan/RoboVigor/sentinel_ws/install/sentinel_decision/lib/sentinel_decision/lesson07_robot_state
[0.583s] DEBUG:colcon.colcon_core.task.python.build:While undoing a previous installation files outside the Python library path are being ignored: /home/ethan/RoboVigor/sentinel_ws/install/sentinel_decision/lib/sentinel_decision/lesson08_match_timer
[0.583s] DEBUG:colcon.colcon_core.task.python.build:While undoing a previous installation files outside the Python library path are being ignored: /home/ethan/RoboVigor/sentinel_ws/install/sentinel_decision/lib/sentinel_decision/lesson09_health_time_decision
[0.583s] DEBUG:colcon.colcon_core.task.python.build:While undoing a previous installation files outside the Python library path are being ignored: /home/ethan/RoboVigor/sentinel_ws/install/sentinel_decision/lib/sentinel_decision/lesson10_remaining_time
[0.583s] DEBUG:colcon.colcon_core.task.python.build:While undoing a previous installation files outside the Python library path are being ignored: /home/ethan/RoboVigor/sentinel_ws/install/sentinel_decision/lib/sentinel_decision/lesson11_robot_pose
[0.583s] DEBUG:colcon.colcon_core.task.python.build:While undoing a previous installation files outside the Python library path are being ignored: /home/ethan/RoboVigor/sentinel_ws/install/sentinel_decision/lib/sentinel_decision/lesson12_tf2_demo
[0.583s] DEBUG:colcon.colcon_core.task.python.build:While undoing a previous installation files outside the Python library path are being ignored: /home/ethan/RoboVigor/sentinel_ws/install/sentinel_decision/lib/sentinel_decision/lesson13_tf_tree
[0.583s] DEBUG:colcon.colcon_core.task.python.build:While undoing a previous installation files outside the Python library path are being ignored: /home/ethan/RoboVigor/sentinel_ws/install/sentinel_decision/lib/sentinel_decision/lesson15_scan_publisher
[0.583s] DEBUG:colcon.colcon_core.task.python.build:While undoing a previous installation files outside the Python library path are being ignored: /home/ethan/RoboVigor/sentinel_ws/install/sentinel_decision/lib/sentinel_decision/lesson16_scan_reader
[0.583s] DEBUG:colcon.colcon_core.task.python.build:While undoing a previous installation files outside the Python library path are being ignored: /home/ethan/RoboVigor/sentinel_ws/install/sentinel_decision/lib/sentinel_decision/lesson17_scan_zone
[0.583s] DEBUG:colcon.colcon_core.task.python.build:While undoing a previous installation files outside the Python library path are being ignored: /home/ethan/RoboVigor/sentinel_ws/install/sentinel_decision/lib/sentinel_decision/lesson18_obstacle_safety
[0.583s] DEBUG:colcon.colcon_core.task.python.build:While undoing a previous installation files outside the Python library path are being ignored: /home/ethan/RoboVigor/sentinel_ws/install/sentinel_decision/lib/sentinel_decision/lesson19_obstacle_decision
[0.583s] DEBUG:colcon.colcon_core.task.python.build:While undoing a previous installation files outside the Python library path are being ignored: /home/ethan/RoboVigor/sentinel_ws/install/sentinel_decision/lib/sentinel_decision/lesson20_decision_publisher
[0.583s] DEBUG:colcon.colcon_core.task.python.build:While undoing a previous installation files outside the Python library path are being ignored: /home/ethan/RoboVigor/sentinel_ws/install/sentinel_decision/lib/sentinel_decision/lesson21_control_node
[0.583s] DEBUG:colcon.colcon_core.task.python.build:While undoing a previous installation files outside the Python library path are being ignored: /home/ethan/RoboVigor/sentinel_ws/install/sentinel_decision/lib/sentinel_decision/lesson22_cmd_vel_publisher
[0.587s] DEBUG:colcon.colcon_core.event_handler.log_command:Invoking command in '/home/ethan/RoboVigor/sentinel_ws/build/sentinel_decision': PYTHONPATH=/home/ethan/RoboVigor/sentinel_ws/build/sentinel_decision/prefix_override:/usr/lib/python3/dist-packages/colcon_core/task/python/colcon_distutils_commands:/home/ethan/RoboVigor/sentinel_ws/install/sentinel_decision/lib/python3.10/site-packages:${PYTHONPATH} /usr/bin/python3 -W ignore:setup.py install is deprecated -W ignore:easy_install command is deprecated setup.py develop --editable --build-directory /home/ethan/RoboVigor/sentinel_ws/build/sentinel_decision/build --no-deps symlink_data --force
[0.819s] DEBUG:colcon.colcon_core.event_handler.log_command:Invoked command in '/home/ethan/RoboVigor/sentinel_ws/build/sentinel_decision' returned '1': PYTHONPATH=/home/ethan/RoboVigor/sentinel_ws/build/sentinel_decision/prefix_override:/usr/lib/python3/dist-packages/colcon_core/task/python/colcon_distutils_commands:/home/ethan/RoboVigor/sentinel_ws/install/sentinel_decision/lib/python3.10/site-packages:${PYTHONPATH} /usr/bin/python3 -W ignore:setup.py install is deprecated -W ignore:easy_install command is deprecated setup.py develop --editable --build-directory /home/ethan/RoboVigor/sentinel_ws/build/sentinel_decision/build --no-deps symlink_data --force
[0.829s] DEBUG:colcon.colcon_parallel_executor.executor.parallel:closing loop
[0.830s] DEBUG:colcon.colcon_parallel_executor.executor.parallel:loop closed
[0.830s] DEBUG:colcon.colcon_parallel_executor.executor.parallel:run_until_complete finished with '1'
[0.830s] DEBUG:colcon.colcon_core.event_reactor:joining thread
[0.832s] INFO:colcon.colcon_core.plugin_system:Skipping extension 'colcon_notification.desktop_notification.terminal_notifier': Not used on non-Darwin systems
[0.832s] INFO:colcon.colcon_core.plugin_system:Skipping extension 'colcon_notification.desktop_notification.win32': Not used on non-Windows systems
[0.832s] INFO:colcon.colcon_notification.desktop_notification:Sending desktop notification using 'notify2'
[0.841s] DEBUG:colcon.colcon_core.event_reactor:joined thread
[0.841s] INFO:colcon.colcon_core.shell:Creating prefix script '/home/ethan/RoboVigor/sentinel_ws/install/local_setup.ps1'
[0.842s] INFO:colcon.colcon_core.shell:Creating prefix util module '/home/ethan/RoboVigor/sentinel_ws/install/_local_setup_util_ps1.py'
[0.843s] INFO:colcon.colcon_core.shell:Creating prefix chain script '/home/ethan/RoboVigor/sentinel_ws/install/setup.ps1'
[0.843s] INFO:colcon.colcon_core.shell:Creating prefix script '/home/ethan/RoboVigor/sentinel_ws/install/local_setup.sh'
[0.844s] INFO:colcon.colcon_core.shell:Creating prefix util module '/home/ethan/RoboVigor/sentinel_ws/install/_local_setup_util_sh.py'
[0.844s] INFO:colcon.colcon_core.shell:Creating prefix chain script '/home/ethan/RoboVigor/sentinel_ws/install/setup.sh'
[0.845s] INFO:colcon.colcon_core.shell:Creating prefix script '/home/ethan/RoboVigor/sentinel_ws/install/local_setup.bash'
[0.845s] INFO:colcon.colcon_core.shell:Creating prefix chain script '/home/ethan/RoboVigor/sentinel_ws/install/setup.bash'
[0.846s] INFO:colcon.colcon_core.shell:Creating prefix script '/home/ethan/RoboVigor/sentinel_ws/install/local_setup.zsh'
[0.846s] INFO:colcon.colcon_core.shell:Creating prefix chain script '/home/ethan/RoboVigor/sentinel_ws/install/setup.zsh'
