[0.046s] DEBUG:colcon:Command line arguments: ['/usr/bin/colcon', 'build', '--packages-select', 'sentinel_decision', '--symlink-install']
[0.046s] DEBUG:colcon:Parsed command line arguments: Namespace(log_base=None, log_level=None, verb_name='build', build_base='build', install_base='install', merge_install=False, symlink_install=True, test_result_base=None, continue_on_error=False, executor='parallel', parallel_workers=32, event_handlers=None, ignore_user_meta=False, metas=['./colcon.meta'], base_paths=['.'], packages_ignore=None, packages_ignore_regex=None, paths=None, packages_up_to=None, packages_up_to_regex=None, packages_above=None, packages_above_and_dependencies=None, packages_above_depth=None, packages_select_by_dep=None, packages_skip_by_dep=None, packages_skip_up_to=None, packages_select_build_failed=False, packages_skip_build_finished=False, packages_select_test_failures=False, packages_skip_test_passed=False, packages_select=['sentinel_decision'], packages_skip=None, packages_select_regex=None, packages_skip_regex=None, packages_start=None, packages_end=None, allow_overriding=[], cmake_args=None, cmake_target=None, cmake_target_skip_unavailable=False, cmake_clean_cache=False, cmake_clean_first=False, cmake_force_configure=False, ament_cmake_args=None, catkin_cmake_args=None, catkin_skip_building_tests=False, verb_parser=<colcon_defaults.argument_parser.defaults.DefaultArgumentsDecorator object at 0x7f817aa51ab0>, verb_extension=<colcon_core.verb.build.BuildVerb object at 0x7f817aa51570>, main=<bound method BuildVerb.main of <colcon_core.verb.build.BuildVerb object at 0x7f817aa51570>>)
[0.120s] Level 1:colcon.colcon_core.package_discovery:discover_packages(colcon_meta) check parameters
[0.120s] Level 1:colcon.colcon_core.package_discovery:discover_packages(recursive) check parameters
[0.120s] Level 1:colcon.colcon_core.package_discovery:discover_packages(ignore) check parameters
[0.120s] Level 1:colcon.colcon_core.package_discovery:discover_packages(path) check parameters
[0.120s] Level 1:colcon.colcon_core.package_discovery:discover_packages(colcon_meta) discover
[0.120s] Level 1:colcon.colcon_core.package_discovery:discover_packages(recursive) discover
[0.120s] INFO:colcon.colcon_core.package_discovery:Crawling recursively for packages in '/home/ethan/RoboVigor/sentinel_ws'
[0.121s] Level 1:colcon.colcon_core.package_identification:_identify(.) by extensions ['ignore', 'ignore_ament_install']
[0.121s] Level 1:colcon.colcon_core.package_identification:_identify(.) by extension 'ignore'
[0.121s] Level 1:colcon.colcon_core.package_identification:_identify(.) by extension 'ignore_ament_install'
[0.121s] Level 1:colcon.colcon_core.package_identification:_identify(.) by extensions ['colcon_pkg']
[0.121s] Level 1:colcon.colcon_core.package_identification:_identify(.) by extension 'colcon_pkg'
[0.121s] Level 1:colcon.colcon_core.package_identification:_identify(.) by extensions ['colcon_meta']
[0.121s] Level 1:colcon.colcon_core.package_identification:_identify(.) by extension 'colcon_meta'
[0.121s] Level 1:colcon.colcon_core.package_identification:_identify(.) by extensions ['ros']
[0.121s] Level 1:colcon.colcon_core.package_identification:_identify(.) by extension 'ros'
[0.126s] Level 1:colcon.colcon_core.package_identification:_identify(.) by extensions ['cmake', 'python']
[0.126s] Level 1:colcon.colcon_core.package_identification:_identify(.) by extension 'cmake'
[0.126s] Level 1:colcon.colcon_core.package_identification:_identify(.) by extension 'python'
[0.126s] Level 1:colcon.colcon_core.package_identification:_identify(.) by extensions ['python_setup_py']
[0.126s] Level 1:colcon.colcon_core.package_identification:_identify(.) by extension 'python_setup_py'
[0.126s] Level 1:colcon.colcon_core.package_identification:_identify(build) by extensions ['ignore', 'ignore_ament_install']
[0.126s] Level 1:colcon.colcon_core.package_identification:_identify(build) by extension 'ignore'
[0.126s] Level 1:colcon.colcon_core.package_identification:_identify(build) ignored
[0.126s] Level 1:colcon.colcon_core.package_identification:_identify(install) by extensions ['ignore', 'ignore_ament_install']
[0.126s] Level 1:colcon.colcon_core.package_identification:_identify(install) by extension 'ignore'
[0.126s] Level 1:colcon.colcon_core.package_identification:_identify(install) ignored
[0.126s] Level 1:colcon.colcon_core.package_identification:_identify(log) by extensions ['ignore', 'ignore_ament_install']
[0.126s] Level 1:colcon.colcon_core.package_identification:_identify(log) by extension 'ignore'
[0.126s] Level 1:colcon.colcon_core.package_identification:_identify(log) ignored
[0.126s] Level 1:colcon.colcon_core.package_identification:_identify(src) by extensions ['ignore', 'ignore_ament_install']
[0.126s] Level 1:colcon.colcon_core.package_identification:_identify(src) by extension 'ignore'
[0.126s] Level 1:colcon.colcon_core.package_identification:_identify(src) by extension 'ignore_ament_install'
[0.126s] Level 1:colcon.colcon_core.package_identification:_identify(src) by extensions ['colcon_pkg']
[0.126s] Level 1:colcon.colcon_core.package_identification:_identify(src) by extension 'colcon_pkg'
[0.126s] Level 1:colcon.colcon_core.package_identification:_identify(src) by extensions ['colcon_meta']
[0.126s] Level 1:colcon.colcon_core.package_identification:_identify(src) by extension 'colcon_meta'
[0.126s] Level 1:colcon.colcon_core.package_identification:_identify(src) by extensions ['ros']
[0.126s] Level 1:colcon.colcon_core.package_identification:_identify(src) by extension 'ros'
[0.126s] Level 1:colcon.colcon_core.package_identification:_identify(src) by extensions ['cmake', 'python']
[0.126s] Level 1:colcon.colcon_core.package_identification:_identify(src) by extension 'cmake'
[0.126s] Level 1:colcon.colcon_core.package_identification:_identify(src) by extension 'python'
[0.126s] Level 1:colcon.colcon_core.package_identification:_identify(src) by extensions ['python_setup_py']
[0.126s] Level 1:colcon.colcon_core.package_identification:_identify(src) by extension 'python_setup_py'
[0.126s] Level 1:colcon.colcon_core.package_identification:_identify(src/sentinel_decision) by extensions ['ignore', 'ignore_ament_install']
[0.126s] Level 1:colcon.colcon_core.package_identification:_identify(src/sentinel_decision) by extension 'ignore'
[0.126s] Level 1:colcon.colcon_core.package_identification:_identify(src/sentinel_decision) by extension 'ignore_ament_install'
[0.126s] Level 1:colcon.colcon_core.package_identification:_identify(src/sentinel_decision) by extensions ['colcon_pkg']
[0.126s] Level 1:colcon.colcon_core.package_identification:_identify(src/sentinel_decision) by extension 'colcon_pkg'
[0.126s] Level 1:colcon.colcon_core.package_identification:_identify(src/sentinel_decision) by extensions ['colcon_meta']
[0.126s] Level 1:colcon.colcon_core.package_identification:_identify(src/sentinel_decision) by extension 'colcon_meta'
[0.126s] Level 1:colcon.colcon_core.package_identification:_identify(src/sentinel_decision) by extensions ['ros']
[0.126s] Level 1:colcon.colcon_core.package_identification:_identify(src/sentinel_decision) by extension 'ros'
[0.127s] DEBUG:colcon.colcon_core.package_identification:Package 'src/sentinel_decision' with type 'ros.ament_python' and name 'sentinel_decision'
[0.127s] Level 1:colcon.colcon_core.package_discovery:discover_packages(recursive) using defaults
[0.128s] Level 1:colcon.colcon_core.package_discovery:discover_packages(ignore) discover
[0.128s] Level 1:colcon.colcon_core.package_discovery:discover_packages(ignore) using defaults
[0.128s] Level 1:colcon.colcon_core.package_discovery:discover_packages(path) discover
[0.128s] Level 1:colcon.colcon_core.package_discovery:discover_packages(path) using defaults
[0.140s] Level 1:colcon.colcon_core.package_discovery:discover_packages(prefix_path) check parameters
[0.140s] Level 1:colcon.colcon_core.package_discovery:discover_packages(prefix_path) discover
[0.142s] DEBUG:colcon.colcon_installed_package_information.package_discovery:Found 441 installed packages in /opt/ros/humble
[0.142s] Level 1:colcon.colcon_core.package_discovery:discover_packages(prefix_path) using defaults
[0.165s] Level 5:colcon.colcon_core.verb:set package 'sentinel_decision' build argument 'cmake_args' from command line to 'None'
[0.165s] Level 5:colcon.colcon_core.verb:set package 'sentinel_decision' build argument 'cmake_target' from command line to 'None'
[0.165s] Level 5:colcon.colcon_core.verb:set package 'sentinel_decision' build argument 'cmake_target_skip_unavailable' from command line to 'False'
[0.165s] Level 5:colcon.colcon_core.verb:set package 'sentinel_decision' build argument 'cmake_clean_cache' from command line to 'False'
[0.165s] Level 5:colcon.colcon_core.verb:set package 'sentinel_decision' build argument 'cmake_clean_first' from command line to 'False'
[0.165s] Level 5:colcon.colcon_core.verb:set package 'sentinel_decision' build argument 'cmake_force_configure' from command line to 'False'
[0.165s] Level 5:colcon.colcon_core.verb:set package 'sentinel_decision' build argument 'ament_cmake_args' from command line to 'None'
[0.165s] Level 5:colcon.colcon_core.verb:set package 'sentinel_decision' build argument 'catkin_cmake_args' from command line to 'None'
[0.165s] Level 5:colcon.colcon_core.verb:set package 'sentinel_decision' build argument 'catkin_skip_building_tests' from command line to 'False'
[0.165s] DEBUG:colcon.colcon_core.verb:Building package 'sentinel_decision' with the following arguments: {'ament_cmake_args': None, 'build_base': '/home/ethan/RoboVigor/sentinel_ws/build/sentinel_decision', 'catkin_cmake_args': None, 'catkin_skip_building_tests': False, 'cmake_args': None, 'cmake_clean_cache': False, 'cmake_clean_first': False, 'cmake_force_configure': False, 'cmake_target': None, 'cmake_target_skip_unavailable': False, 'install_base': '/home/ethan/RoboVigor/sentinel_ws/install/sentinel_decision', 'merge_install': False, 'path': '/home/ethan/RoboVigor/sentinel_ws/src/sentinel_decision', 'symlink_install': True, 'test_result_base': None}
[0.165s] INFO:colcon.colcon_core.executor:Executing jobs using 'parallel' executor
[0.166s] DEBUG:colcon.colcon_parallel_executor.executor.parallel:run_until_complete
[0.176s] INFO:colcon.colcon_ros.task.ament_python.build:Building ROS package in '/home/ethan/RoboVigor/sentinel_ws/src/sentinel_decision' with build type 'ament_python'
[0.176s] Level 1:colcon.colcon_core.shell:create_environment_hook('sentinel_decision', 'ament_prefix_path')
[0.177s] INFO:colcon.colcon_core.plugin_system:Skipping extension 'colcon_core.shell.bat': Not used on non-Windows systems
[0.177s] INFO:colcon.colcon_core.shell:Creating environment hook '/home/ethan/RoboVigor/sentinel_ws/install/sentinel_decision/share/sentinel_decision/hook/ament_prefix_path.ps1'
[0.177s] INFO:colcon.colcon_core.shell:Creating environment descriptor '/home/ethan/RoboVigor/sentinel_ws/install/sentinel_decision/share/sentinel_decision/hook/ament_prefix_path.dsv'
[0.177s] INFO:colcon.colcon_core.shell:Creating environment hook '/home/ethan/RoboVigor/sentinel_ws/install/sentinel_decision/share/sentinel_decision/hook/ament_prefix_path.sh'
[0.178s] INFO:colcon.colcon_core.shell:Skip shell extension 'powershell' for command environment: Not usable outside of PowerShell
[0.178s] DEBUG:colcon.colcon_core.shell:Skip shell extension 'dsv' for command environment
[0.298s] INFO:colcon.colcon_core.task.python.build:Building Python package in '/home/ethan/RoboVigor/sentinel_ws/src/sentinel_decision'
[0.299s] INFO:colcon.colcon_core.shell:Skip shell extension 'powershell' for command environment: Not usable outside of PowerShell
[0.299s] DEBUG:colcon.colcon_core.shell:Skip shell extension 'dsv' for command environment
[0.473s] DEBUG:colcon.colcon_core.task.python.build:Available setuptools commands: install_egg_info, clean, install_data, alias, symlink_data, extract_messages, build, init_catalog, build_clib, test, saveopts, check, egg_info, compile_catalog, bdist_dumb, sdist, develop, bdist, setopt, build_scripts, build_py, install_scripts, bdist_egg, upload_docs, bdist_rpm, bdist_wheel, easy_install, install_lib, dist_info, install_headers, register, install, rotate, build_ext, update_catalog, upload
[0.614s] DEBUG:colcon.colcon_core.task.python.build:Available setuptools 'develop' options: --version, --find-links, --multi-version, --egg-path, --exclude-scripts, --prefix, --always-copy, --editable, --site-dirs, --always-unzip, --upgrade, --script-dir, --verbose, --install-dir, --record, --index-url, --no-user-cfg, --dry-run, --local-snapshots-ok, --quiet, --install-layout, --help, --uninstall, --no-deps, --build-directory, --no-find-links, --allow-hosts, --force-installation-into-system-dir, --optimize, --user, --zip-ok
[0.615s] DEBUG:colcon.colcon_core.task.python.build:While undoing a previous installation files outside the Python library path are being ignored: /home/ethan/RoboVigor/sentinel_ws/install/sentinel_decision/share/ament_index/resource_index/packages/sentinel_decision
[0.615s] DEBUG:colcon.colcon_core.task.python.build:While undoing a previous installation files outside the Python library path are being ignored: /home/ethan/RoboVigor/sentinel_ws/install/sentinel_decision/share/sentinel_decision/package.xml
[0.615s] DEBUG:colcon.colcon_core.task.python.build:While undoing a previous installation files outside the Python library path are being ignored: /home/ethan/RoboVigor/sentinel_ws/install/sentinel_decision/lib/sentinel_decision/lesson01_decision
[0.615s] DEBUG:colcon.colcon_core.task.python.build:While undoing a previous installation files outside the Python library path are being ignored: /home/ethan/RoboVigor/sentinel_ws/install/sentinel_decision/lib/sentinel_decision/lesson02_health_publisher
[0.615s] DEBUG:colcon.colcon_core.task.python.build:While undoing a previous installation files outside the Python library path are being ignored: /home/ethan/RoboVigor/sentinel_ws/install/sentinel_decision/lib/sentinel_decision/lesson03_decision_subscriber
[0.615s] DEBUG:colcon.colcon_core.task.python.build:While undoing a previous installation files outside the Python library path are being ignored: /home/ethan/RoboVigor/sentinel_ws/install/sentinel_decision/lib/sentinel_decision/lesson04_mission_decision
[0.615s] DEBUG:colcon.colcon_core.task.python.build:While undoing a previous installation files outside the Python library path are being ignored: /home/ethan/RoboVigor/sentinel_ws/install/sentinel_decision/lib/sentinel_decision/lesson05_target_manager
[0.616s] DEBUG:colcon.colcon_core.task.python.build:While undoing a previous installation files outside the Python library path are being ignored: /home/ethan/RoboVigor/sentinel_ws/install/sentinel_decision/lib/sentinel_decision/lesson06_decision_with_target
[0.616s] DEBUG:colcon.colcon_core.task.python.build:While undoing a previous installation files outside the Python library path are being ignored: /home/ethan/RoboVigor/sentinel_ws/install/sentinel_decision/lib/sentinel_decision/lesson07_robot_state
[0.616s] DEBUG:colcon.colcon_core.task.python.build:While undoing a previous installation files outside the Python library path are being ignored: /home/ethan/RoboVigor/sentinel_ws/install/sentinel_decision/lib/sentinel_decision/lesson08_match_timer
[0.616s] DEBUG:colcon.colcon_core.task.python.build:While undoing a previous installation files outside the Python library path are being ignored: /home/ethan/RoboVigor/sentinel_ws/install/sentinel_decision/lib/sentinel_decision/lesson09_health_time_decision
[0.616s] DEBUG:colcon.colcon_core.task.python.build:While undoing a previous installation files outside the Python library path are being ignored: /home/ethan/RoboVigor/sentinel_ws/install/sentinel_decision/lib/sentinel_decision/lesson10_remaining_time
[0.616s] DEBUG:colcon.colcon_core.task.python.build:While undoing a previous installation files outside the Python library path are being ignored: /home/ethan/RoboVigor/sentinel_ws/install/sentinel_decision/lib/sentinel_decision/lesson11_robot_pose
[0.616s] DEBUG:colcon.colcon_core.task.python.build:While undoing a previous installation files outside the Python library path are being ignored: /home/ethan/RoboVigor/sentinel_ws/install/sentinel_decision/lib/sentinel_decision/lesson12_tf2_demo
[0.616s] DEBUG:colcon.colcon_core.task.python.build:While undoing a previous installation files outside the Python library path are being ignored: /home/ethan/RoboVigor/sentinel_ws/install/sentinel_decision/lib/sentinel_decision/lesson13_tf_tree
[0.616s] DEBUG:colcon.colcon_core.task.python.build:While undoing a previous installation files outside the Python library path are being ignored: /home/ethan/RoboVigor/sentinel_ws/install/sentinel_decision/lib/sentinel_decision/lesson15_scan_publisher
[0.616s] DEBUG:colcon.colcon_core.task.python.build:While undoing a previous installation files outside the Python library path are being ignored: /home/ethan/RoboVigor/sentinel_ws/install/sentinel_decision/lib/sentinel_decision/lesson16_scan_reader
[0.616s] DEBUG:colcon.colcon_core.task.python.build:While undoing a previous installation files outside the Python library path are being ignored: /home/ethan/RoboVigor/sentinel_ws/install/sentinel_decision/lib/sentinel_decision/lesson17_scan_zone
[0.616s] DEBUG:colcon.colcon_core.task.python.build:While undoing a previous installation files outside the Python library path are being ignored: /home/ethan/RoboVigor/sentinel_ws/install/sentinel_decision/lib/sentinel_decision/lesson18_obstacle_safety
[0.617s] DEBUG:colcon.colcon_core.event_handler.log_command:Invoking command in '/home/ethan/RoboVigor/sentinel_ws/build/sentinel_decision': PYTHONPATH=/home/ethan/RoboVigor/sentinel_ws/build/sentinel_decision/prefix_override:/usr/lib/python3/dist-packages/colcon_core/task/python/colcon_distutils_commands:/home/ethan/RoboVigor/sentinel_ws/install/sentinel_decision/lib/python3.10/site-packages:${PYTHONPATH} /usr/bin/python3 -W ignore:setup.py install is deprecated -W ignore:easy_install command is deprecated setup.py develop --editable --build-directory /home/ethan/RoboVigor/sentinel_ws/build/sentinel_decision/build --no-deps symlink_data --force
[0.854s] Level 1:colcon.colcon_core.shell:create_environment_hook('sentinel_decision', 'pythonpath_develop')
[0.854s] INFO:colcon.colcon_core.shell:Creating environment hook '/home/ethan/RoboVigor/sentinel_ws/build/sentinel_decision/share/sentinel_decision/hook/pythonpath_develop.ps1'
[0.855s] DEBUG:colcon.colcon_core.event_handler.log_command:Invoked command in '/home/ethan/RoboVigor/sentinel_ws/build/sentinel_decision' returned '0': PYTHONPATH=/home/ethan/RoboVigor/sentinel_ws/build/sentinel_decision/prefix_override:/usr/lib/python3/dist-packages/colcon_core/task/python/colcon_distutils_commands:/home/ethan/RoboVigor/sentinel_ws/install/sentinel_decision/lib/python3.10/site-packages:${PYTHONPATH} /usr/bin/python3 -W ignore:setup.py install is deprecated -W ignore:easy_install command is deprecated setup.py develop --editable --build-directory /home/ethan/RoboVigor/sentinel_ws/build/sentinel_decision/build --no-deps symlink_data --force
[0.855s] INFO:colcon.colcon_core.shell:Creating environment descriptor '/home/ethan/RoboVigor/sentinel_ws/build/sentinel_decision/share/sentinel_decision/hook/pythonpath_develop.dsv'
[0.855s] INFO:colcon.colcon_core.shell:Creating environment hook '/home/ethan/RoboVigor/sentinel_ws/build/sentinel_decision/share/sentinel_decision/hook/pythonpath_develop.sh'
[0.856s] Level 1:colcon.colcon_core.environment:checking '/home/ethan/RoboVigor/sentinel_ws/install/sentinel_decision' for CMake module files
[0.856s] Level 1:colcon.colcon_core.environment:checking '/home/ethan/RoboVigor/sentinel_ws/install/sentinel_decision' for CMake config files
[0.857s] Level 1:colcon.colcon_core.environment:checking '/home/ethan/RoboVigor/sentinel_ws/install/sentinel_decision/lib'
[0.857s] Level 1:colcon.colcon_core.environment:checking '/home/ethan/RoboVigor/sentinel_ws/install/sentinel_decision/bin'
[0.857s] Level 1:colcon.colcon_core.environment:checking '/home/ethan/RoboVigor/sentinel_ws/install/sentinel_decision/lib/pkgconfig/sentinel_decision.pc'
[0.857s] Level 1:colcon.colcon_core.environment:checking '/home/ethan/RoboVigor/sentinel_ws/install/sentinel_decision/lib/python3.10/site-packages'
[0.857s] Level 1:colcon.colcon_core.shell:create_environment_hook('sentinel_decision', 'pythonpath')
[0.857s] INFO:colcon.colcon_core.shell:Creating environment hook '/home/ethan/RoboVigor/sentinel_ws/install/sentinel_decision/share/sentinel_decision/hook/pythonpath.ps1'
[0.857s] INFO:colcon.colcon_core.shell:Creating environment descriptor '/home/ethan/RoboVigor/sentinel_ws/install/sentinel_decision/share/sentinel_decision/hook/pythonpath.dsv'
[0.857s] INFO:colcon.colcon_core.shell:Creating environment hook '/home/ethan/RoboVigor/sentinel_ws/install/sentinel_decision/share/sentinel_decision/hook/pythonpath.sh'
[0.857s] Level 1:colcon.colcon_core.environment:checking '/home/ethan/RoboVigor/sentinel_ws/install/sentinel_decision/bin'
[0.858s] Level 1:colcon.colcon_core.environment:create_environment_scripts_only(sentinel_decision)
[0.858s] INFO:colcon.colcon_core.shell:Creating package script '/home/ethan/RoboVigor/sentinel_ws/install/sentinel_decision/share/sentinel_decision/package.ps1'
[0.858s] INFO:colcon.colcon_core.shell:Creating package descriptor '/home/ethan/RoboVigor/sentinel_ws/install/sentinel_decision/share/sentinel_decision/package.dsv'
[0.858s] INFO:colcon.colcon_core.shell:Creating package script '/home/ethan/RoboVigor/sentinel_ws/install/sentinel_decision/share/sentinel_decision/package.sh'
[0.859s] INFO:colcon.colcon_core.shell:Creating package script '/home/ethan/RoboVigor/sentinel_ws/install/sentinel_decision/share/sentinel_decision/package.bash'
[0.859s] INFO:colcon.colcon_core.shell:Creating package script '/home/ethan/RoboVigor/sentinel_ws/install/sentinel_decision/share/sentinel_decision/package.zsh'
[0.859s] Level 1:colcon.colcon_core.environment:create_file_with_runtime_dependencies(/home/ethan/RoboVigor/sentinel_ws/install/sentinel_decision/share/colcon-core/packages/sentinel_decision)
[0.859s] DEBUG:colcon.colcon_parallel_executor.executor.parallel:closing loop
[0.860s] DEBUG:colcon.colcon_parallel_executor.executor.parallel:loop closed
[0.860s] DEBUG:colcon.colcon_parallel_executor.executor.parallel:run_until_complete finished with '0'
[0.860s] DEBUG:colcon.colcon_core.event_reactor:joining thread
[0.863s] INFO:colcon.colcon_core.plugin_system:Skipping extension 'colcon_notification.desktop_notification.terminal_notifier': Not used on non-Darwin systems
[0.863s] INFO:colcon.colcon_core.plugin_system:Skipping extension 'colcon_notification.desktop_notification.win32': Not used on non-Windows systems
[0.863s] INFO:colcon.colcon_notification.desktop_notification:Sending desktop notification using 'notify2'
[0.871s] DEBUG:colcon.colcon_core.event_reactor:joined thread
[0.871s] INFO:colcon.colcon_core.shell:Creating prefix script '/home/ethan/RoboVigor/sentinel_ws/install/local_setup.ps1'
[0.871s] INFO:colcon.colcon_core.shell:Creating prefix util module '/home/ethan/RoboVigor/sentinel_ws/install/_local_setup_util_ps1.py'
[0.872s] INFO:colcon.colcon_core.shell:Creating prefix chain script '/home/ethan/RoboVigor/sentinel_ws/install/setup.ps1'
[0.872s] INFO:colcon.colcon_core.shell:Creating prefix script '/home/ethan/RoboVigor/sentinel_ws/install/local_setup.sh'
[0.873s] INFO:colcon.colcon_core.shell:Creating prefix util module '/home/ethan/RoboVigor/sentinel_ws/install/_local_setup_util_sh.py'
[0.873s] INFO:colcon.colcon_core.shell:Creating prefix chain script '/home/ethan/RoboVigor/sentinel_ws/install/setup.sh'
[0.873s] INFO:colcon.colcon_core.shell:Creating prefix script '/home/ethan/RoboVigor/sentinel_ws/install/local_setup.bash'
[0.873s] INFO:colcon.colcon_core.shell:Creating prefix chain script '/home/ethan/RoboVigor/sentinel_ws/install/setup.bash'
[0.874s] INFO:colcon.colcon_core.shell:Creating prefix script '/home/ethan/RoboVigor/sentinel_ws/install/local_setup.zsh'
[0.874s] INFO:colcon.colcon_core.shell:Creating prefix chain script '/home/ethan/RoboVigor/sentinel_ws/install/setup.zsh'
